Component: ARM Compiler 5.06 update 4 (build 422) Tool: armlink [4d35d2]

==============================================================================

Section Cross References

    stm32f10x_it.o(.text) refers to main.o(.data) for g_tick_1ms
    main.o(.text) refers to systick.o(.text) for SysTick_Init
    main.o(.text) refers to misc.o(.text) for NVIC_PriorityGroupConfig
    main.o(.text) refers to usart.o(.text) for uart1_init
    main.o(.text) refers to led.o(.text) for LED_Init
    main.o(.text) refers to spi.o(.text) for FLASH_Init
    main.o(.text) refers to sdio_sdcard.o(.text) for SD_Init
    main.o(.text) refers to exfuns.o(.text) for exfuns_init
    main.o(.text) refers to ff.o(.text) for f_mount
    main.o(.text) refers to exfuns.o(.data) for fs
    system_stm32f10x.o(.text) refers to system_stm32f10x.o(.data) for SystemCoreClock
    led.o(.text) refers to stm32f10x_rcc.o(.text) for RCC_APB2PeriphClockCmd
    led.o(.text) refers to stm32f10x_gpio.o(.text) for GPIO_Init
    spi.o(.text) refers to stm32f10x_gpio.o(.text) for GPIO_ResetBits
    spi.o(.text) refers to stm32f10x_rcc.o(.text) for RCC_APB2PeriphClockCmd
    spi.o(.text) refers to spi.o(.data) for FlashWriteAddress
    sdio_sdcard.o(.text) refers to stm32f10x_sdio.o(.text) for SDIO_GetFlagStatus
    sdio_sdcard.o(.text) refers to sdio_sdcard.o(.data) for DeviceMode
    sdio_sdcard.o(.text) refers to sdio_sdcard.o(.bss) for SDIO_CmdInitStructure
    sdio_sdcard.o(.text) refers to stm32f10x_rcc.o(.text) for RCC_APB2PeriphClockCmd
    sdio_sdcard.o(.text) refers to stm32f10x_gpio.o(.text) for GPIO_Init
    sdio_sdcard.o(.text) refers to misc.o(.text) for NVIC_Init
    sdio_sdcard.o(.text) refers to stm32f10x_dma.o(.text) for DMA_DeInit
    sdio_sdcard.o(.text) refers to sys.o(.text) for INTX_DISABLE
    sdio_sdcard.o(.text) refers to memcpya.o(.text) for __aeabi_memcpy
    rtc.o(.text) refers to misc.o(.text) for NVIC_Init
    rtc.o(.text) refers to stm32f10x_rtc.o(.text) for RTC_GetCounter
    rtc.o(.text) refers to stm32f10x_rcc.o(.text) for RCC_APB1PeriphClockCmd
    rtc.o(.text) refers to stm32f10x_pwr.o(.text) for PWR_BackupAccessCmd
    rtc.o(.text) refers to stm32f10x_bkp.o(.text) for BKP_ReadBackupRegister
    rtc.o(.text) refers to systick.o(.text) for Delay_ms
    rtc.o(.text) refers to printf5.o(i.__0printf$5) for __2printf
    rtc.o(.text) refers to rtc.o(.constdata) for table_week
    rtc.o(.text) refers to rtc.o(.data) for daycnt
    rtc.o(.text) refers to rtc.o(.bss) for calendar
    systick.o(.text) refers to system_stm32f10x.o(.data) for SystemCoreClock
    systick.o(.text) refers to main.o(.data) for g_tick_1ms
    usart.o(.text) refers to stm32f10x_rcc.o(.text) for RCC_APB2PeriphClockCmd
    usart.o(.text) refers to stm32f10x_gpio.o(.text) for GPIO_Init
    usart.o(.text) refers to misc.o(.text) for NVIC_Init
    usart.o(.text) refers to stm32f10x_usart.o(.text) for USART_Init
    startup_stm32f10x_hd.o(RESET) refers to startup_stm32f10x_hd.o(STACK) for __initial_sp
    startup_stm32f10x_hd.o(RESET) refers to startup_stm32f10x_hd.o(.text) for Reset_Handler
    startup_stm32f10x_hd.o(RESET) refers to stm32f10x_it.o(.text) for NMI_Handler
    startup_stm32f10x_hd.o(RESET) refers to rtc.o(.text) for RTC_IRQHandler
    startup_stm32f10x_hd.o(RESET) refers to usart.o(.text) for USART1_IRQHandler
    startup_stm32f10x_hd.o(RESET) refers to sdio_sdcard.o(.text) for SDIO_IRQHandler
    startup_stm32f10x_hd.o(.text) refers to system_stm32f10x.o(.text) for SystemInit
    startup_stm32f10x_hd.o(.text) refers to entry.o(.ARM.Collect$$$$00000000) for __main
    stm32f10x_gpio.o(.text) refers to stm32f10x_rcc.o(.text) for RCC_APB2PeriphResetCmd
    stm32f10x_rcc.o(.text) refers to stm32f10x_rcc.o(.data) for APBAHBPrescTable
    stm32f10x_spi.o(.text) refers to stm32f10x_rcc.o(.text) for RCC_APB2PeriphResetCmd
    stm32f10x_usart.o(.text) refers to stm32f10x_rcc.o(.text) for RCC_APB2PeriphResetCmd
    stm32f10x_tim.o(.text) refers to stm32f10x_rcc.o(.text) for RCC_APB2PeriphResetCmd
    stm32f10x_bkp.o(.text) refers to stm32f10x_rcc.o(.text) for RCC_BackupResetCmd
    stm32f10x_pwr.o(.text) refers to stm32f10x_rcc.o(.text) for RCC_APB1PeriphResetCmd
    diskio.o(.text) refers to sdio_sdcard.o(.text) for SD_Init
    diskio.o(.text) refers to ldiv.o(.text) for __aeabi_ldivmod
    diskio.o(.text) refers to malloc.o(i.malloc) for malloc
    diskio.o(.text) refers to malloc.o(i.free) for free
    diskio.o(.text) refers to sdio_sdcard.o(.bss) for SDCardInfo
    ff.o(.text) refers to diskio.o(.text) for disk_write
    ff.o(.text) refers to cc936.o(.text) for ff_wtoupper
    ff.o(.text) refers to ff.o(.constdata) for LfnOfs
    ff.o(.text) refers to ff.o(.data) for FatFs
    exfuns.o(.text) refers to malloc.o(i.malloc) for malloc
    exfuns.o(.text) refers to strcpy.o(.text) for strcpy
    exfuns.o(.text) refers to strcmp.o(.text) for strcmp
    exfuns.o(.text) refers to ff.o(.text) for f_getfree
[...]
    printf5.o(i.__0vsnprintf$5) refers to printf5.o(i._snputc) for _snputc
    printf5.o(i.__0vsprintf$5) refers to printf5.o(i._printf_core) for _printf_core
    printf5.o(i.__0vsprintf$5) refers to printf5.o(i._sputc) for _sputc
    printf5.o(i._printf_core) refers to uldiv.o(.text) for __aeabi_uldivmod
    printf6.o(i.__0fprintf$6) refers to printf6.o(i._printf_core) for _printf_core
    printf6.o(i.__0fprintf$6) refers to fputc.o(i.fputc) for fputc
    printf6.o(i.__0printf$6) refers to printf6.o(i._printf_core) for _printf_core
    printf6.o(i.__0printf$6) refers to fputc.o(i.fputc) for fputc
    printf6.o(i.__0printf$6) refers to stdout.o(.data) for __stdout
    printf6.o(i.__0snprintf$6) refers to printf6.o(i._printf_core) for _printf_core
    printf6.o(i.__0snprintf$6) refers to printf6.o(i._snputc) for _snputc
    printf6.o(i.__0sprintf$6) refers to printf6.o(i._printf_core) for _printf_core
    printf6.o(i.__0sprintf$6) refers to printf6.o(i._sputc) for _sputc
    printf6.o(i.__0vfprintf$6) refers to printf6.o(i._printf_core) for _printf_core
    printf6.o(i.__0vfprintf$6) refers to fputc.o(i.fputc) for fputc
    printf6.o(i.__0vprintf$6) refers to printf6.o(i._printf_core) for _printf_core
    printf6.o(i.__0vprintf$6) refers to fputc.o(i.fputc) for fputc
    printf6.o(i.__0vprintf$6) refers to stdout.o(.data) for __stdout
    printf6.o(i.__0vsnprintf$6) refers to printf6.o(i._printf_core) for _printf_core
    printf6.o(i.__0vsnprintf$6) refers to printf6.o(i._snputc) for _snputc
    printf6.o(i.__0vsprintf$6) refers to printf6.o(i._printf_core) for _printf_core
    printf6.o(i.__0vsprintf$6) refers to printf6.o(i._sputc) for _sputc
    printf6.o(i._printf_core) refers to printf6.o(i._printf_pre_padding) for _printf_pre_padding
    printf6.o(i._printf_core) refers to uidiv.o(.text) for __aeabi_uidivmod
    printf6.o(i._printf_core) refers to printf6.o(i._printf_post_padding) for _printf_post_padding
    printf7.o(i.__0fprintf$7) refers to printf7.o(i._printf_core) for _printf_core
    printf7.o(i.__0fprintf$7) refers to fputc.o(i.fputc) for fputc
    printf7.o(i.__0printf$7) refers to printf7.o(i._printf_core) for _printf_core
    printf7.o(i.__0printf$7) refers to fputc.o(i.fputc) for fputc
    printf7.o(i.__0printf$7) refers to stdout.o(.data) for __stdout
    printf7.o(i.__0snprintf$7) refers to printf7.o(i._printf_core) for _printf_core
    printf7.o(i.__0snprintf$7) refers to printf7.o(i._snputc) for _snputc
    printf7.o(i.__0sprintf$7) refers to printf7.o(i._printf_core) for _printf_core
    printf7.o(i.__0sprintf$7) refers to printf7.o(i._sputc) for _sputc
    printf7.o(i.__0vfprintf$7) refers to printf7.o(i._printf_core) for _printf_core
    printf7.o(i.__0vfprintf$7) refers to fputc.o(i.fputc) for fputc
    printf7.o(i.__0vprintf$7) refers to printf7.o(i._printf_core) for _printf_core
    printf7.o(i.__0vprintf$7) refers to fputc.o(i.fputc) for fputc
    printf7.o(i.__0vprintf$7) refers to stdout.o(.data) for __stdout
    printf7.o(i.__0vsnprintf$7) refers to printf7.o(i._printf_core) for _printf_core
    printf7.o(i.__0vsnprintf$7) refers to printf7.o(i._snputc) for _snputc
    printf7.o(i.__0vsprintf$7) refers to printf7.o(i._printf_core) for _printf_core
    printf7.o(i.__0vsprintf$7) refers to printf7.o(i._sputc) for _sputc
    printf7.o(i._printf_core) refers to printf7.o(i._printf_pre_padding) for _printf_pre_padding
    printf7.o(i._printf_core) refers to uldiv.o(.text) for __aeabi_uldivmod
    printf7.o(i._printf_core) refers to printf7.o(i._printf_post_padding) for _printf_post_padding
    printf8.o(i.__0fprintf$8) refers to printf8.o(i._printf_core) for _printf_core
    printf8.o(i.__0fprintf$8) refers to fputc.o(i.fputc) for fputc
    printf8.o(i.__0printf$8) refers to printf8.o(i._printf_core) for _printf_core
    printf8.o(i.__0printf$8) refers to fputc.o(i.fputc) for fputc
    printf8.o(i.__0printf$8) refers to stdout.o(.data) for __stdout
    printf8.o(i.__0snprintf$8) refers to printf8.o(i._printf_core) for _printf_core
    printf8.o(i.__0snprintf$8) refers to printf8.o(i._snputc) for _snputc
    printf8.o(i.__0sprintf$8) refers to printf8.o(i._printf_core) for _printf_core
    printf8.o(i.__0sprintf$8) refers to printf8.o(i._sputc) for _sputc
    printf8.o(i.__0vfprintf$8) refers to printf8.o(i._printf_core) for _printf_core
    printf8.o(i.__0vfprintf$8) refers to fputc.o(i.fputc) for fputc
    printf8.o(i.__0vprintf$8) refers to printf8.o(i._printf_core) for _printf_core
    printf8.o(i.__0vprintf$8) refers to fputc.o(i.fputc) for fputc
    printf8.o(i.__0vprintf$8) refers to stdout.o(.data) for __stdout
    printf8.o(i.__0vsnprintf$8) refers to printf8.o(i._printf_core) for _printf_core
    printf8.o(i.__0vsnprintf$8) refers to printf8.o(i._snputc) for _snputc
    printf8.o(i.__0vsprintf$8) refers to printf8.o(i._printf_core) for _printf_core
    printf8.o(i.__0vsprintf$8) refers to printf8.o(i._sputc) for _sputc
    printf8.o(i._printf_core) refers to printf8.o(i._printf_pre_padding) for _printf_pre_padding
    printf8.o(i._printf_core) refers to uldiv.o(.text) for __aeabi_uldivmod
    printf8.o(i._printf_core) refers to printf8.o(i._printf_post_padding) for _printf_post_padding
    printfa.o(i.__0fprintf) refers (Special) to iusefp.o(.text) for __I$use$fp
    printfa.o(i.__0fprintf) refers to printfa.o(i._printf_core) for _printf_core
    printfa.o(i.__0fprintf) refers to fputc.o(i.fputc) for fputc
    printfa.o(i.__0printf) refers (Special) to iusefp.o(.text) for __I$use$fp
    printfa.o(i.__0printf) refers to printfa.o(i._printf_core) for _printf_core
    printfa.o(i.__0printf) refers to fputc.o(i.fputc) for fputc
    printfa.o(i.__0printf) refers to stdout.o(.data) for __stdout
    printfa.o(i.__0snprintf) refers (Special) to iusefp.o(.text) for __I$use$fp
    printfa.o(i.__0snprintf) refers to printfa.o(i._printf_core) for _printf_core
    printfa.o(i.__0snprintf) refers to printfa.o(i._snputc) for _snputc
    printfa.o(i.__0sprintf) refers (Special) to iusefp.o(.text) for __I$use$fp
    printfa.o(i.__0sprintf) refers to printfa.o(i._printf_core) for _printf_core
    printfa.o(i.__0sprintf) refers to printfa.o(i._sputc) for _sputc
    printfa.o(i.__0vfprintf) refers (Special) to iusefp.o(.text) for __I$use$fp
    printfa.o(i.__0vfprintf) refers to printfa.o(i._printf_core) for _printf_core
    printfa.o(i.__0vfprintf) refers to fputc.o(i.fputc) for fputc
    printfa.o(i.__0vprintf) refers (Special) to iusefp.o(.text) for __I$use$fp
    printfa.o(i.__0vprintf) refers to printfa.o(i._printf_core) for _printf_core
    printfa.o(i.__0vprintf) refers to fputc.o(i.fputc) for fputc
    printfa.o(i.__0vprintf) refers to stdout.o(.data) for __stdout
    printfa.o(i.__0vsnprintf) refers (Special) to iusefp.o(.text) for __I$use$fp
    printfa.o(i.__0vsnprintf) refers to printfa.o(i._printf_core) for _printf_core
    printfa.o(i.__0vsnprintf) refers to printfa.o(i._snputc) for _snputc
    printfa.o(i.__0vsprintf) refers (Special) to iusefp.o(.text) for __I$use$fp
    printfa.o(i.__0vsprintf) refers to printfa.o(i._printf_core) for _printf_core
    printfa.o(i.__0vsprintf) refers to printfa.o(i._sputc) for _sputc
    printfa.o(i._fp_digits) refers (Special) to iusefp.o(.text) for __I$use$fp
    printfa.o(i._fp_digits) refers to dmul.o(.text) for __aeabi_dmul
    printfa.o(i._fp_digits) refers to ddiv.o(.text) for __aeabi_ddiv
    printfa.o(i._fp_digits) refers to cdrcmple.o(.text) for __aeabi_cdrcmple
    printfa.o(i._fp_digits) refers to dadd.o(.text) for __aeabi_dadd
    printfa.o(i._fp_digits) refers to dfixul.o(.text) for __aeabi_d2ulz
    printfa.o(i._fp_digits) refers to uldiv.o(.text) for __aeabi_uldivmod
    printfa.o(i._printf_core) refers (Special) to iusefp.o(.text) for __I$use$fp
    printfa.o(i._printf_core) refers to printfa.o(i._printf_pre_padding) for _printf_pre_padding
    printfa.o(i._printf_core) refers to uldiv.o(.text) for __aeabi_uldivmod
    printfa.o(i._printf_core) refers to printfa.o(i._printf_post_padding) for _printf_post_padding
    printfa.o(i._printf_core) refers to printfa.o(i._fp_digits) for _fp_digits
    printfa.o(i._printf_core) refers to uidiv.o(.text) for __aeabi_uidivmod
    printfa.o(i._printf_post_padding) refers (Special) to iusefp.o(.text) for __I$use$fp
    printfa.o(i._printf_pre_padding) refers (Special) to iusefp.o(.text) for __I$use$fp
    printfa.o(i._snputc) refers (Special) to iusefp.o(.text) for __I$use$fp
    printfa.o(i._sputc) refers (Special) to iusefp.o(.text) for __I$use$fp
    malloc.o(i.free) refers to mvars.o(.data) for __microlib_freelist
    malloc.o(i.malloc) refers to mvars.o(.data) for __microlib_freelist_initialised
    malloc.o(i.malloc) refers to mvars.o(.data) for __microlib_freelist
    malloc.o(i.malloc) refers to startup_stm32f10x_hd.o(HEAP) for __heap_base
    mallocr.o(i.__free$realloc) refers to mvars.o(.data) for __microlib_freelist
    mallocr.o(i.__malloc$realloc) refers to mallocr.o(i.internal_alloc) for internal_alloc
    mallocr.o(i.__malloc$realloc) refers to mvars.o(.data) for __microlib_freelist_initialised
    mallocr.o(i.__malloc$realloc) refers to startup_stm32f10x_hd.o(HEAP) for __heap_base
    mallocr.o(i.__malloc$realloc) refers to mvars.o(.data) for __microlib_freelist
    mallocr.o(i.internal_alloc) refers to memcpya.o(.text) for __aeabi_memcpy
    mallocr.o(i.internal_alloc) refers to mvars.o(.data) for __microlib_freelist
    mallocr.o(i.realloc) refers to mallocr.o(i.__free$realloc) for __free$realloc
    mallocr.o(i.realloc) refers to mallocr.o(i.internal_alloc) for internal_alloc
    mallocr.o(i.realloc) refers to mallocr.o(i.__malloc$realloc) for __malloc$realloc
    mallocr.o(i.realloc) refers to mvars.o(.data) for __microlib_freelist
    malloca.o(i.__aligned_malloc) refers to mvars.o(.data) for __microlib_freelist_initialised
    malloca.o(i.__aligned_malloc) refers to mvars.o(.data) for __microlib_freelist
    malloca.o(i.__aligned_malloc) refers to startup_stm32f10x_hd.o(HEAP) for __heap_base
    malloca.o(i.__free$memalign) refers to mvars.o(.data) for __microlib_freelist
    malloca.o(i.__malloc$memalign) refers to malloca.o(i.__aligned_malloc) for __aligned_malloc
    mallocra.o(i.__aligned_malloc$realloc) refers to mallocra.o(i.internal_alloc) for internal_alloc
    mallocra.o(i.__aligned_malloc$realloc) refers to mvars.o(.data) for __microlib_freelist_initialised
    mallocra.o(i.__aligned_malloc$realloc) refers to startup_stm32f10x_hd.o(HEAP) for __heap_base
    mallocra.o(i.__aligned_malloc$realloc) refers to mvars.o(.data) for __microlib_freelist
    mallocra.o(i.__free$realloc$memalign) refers to mvars.o(.data) for __microlib_freelist
    mallocra.o(i.__malloc$realloc$memalign) refers to mallocra.o(i.__aligned_malloc$realloc) for __aligned_malloc$realloc
    mallocra.o(i.__realloc$memalign) refers to mallocra.o(i.__free$realloc$memalign) for __free$realloc$memalign
    mallocra.o(i.__realloc$memalign) refers to mallocra.o(i.internal_alloc) for internal_alloc
    mallocra.o(i.__realloc$memalign) refers to mallocra.o(i.__malloc$realloc$memalign) for __malloc$realloc$memalign
    mallocra.o(i.__realloc$memalign) refers to mvars.o(.data) for __microlib_freelist
    mallocra.o(i.internal_alloc) refers to memcpya.o(.text) for __aeabi_memcpy
    mallocra.o(i.internal_alloc) refers to mvars.o(.data) for __microlib_freelist
    entry2.o(.ARM.Collect$$$$00000001) refers to entry2.o(.ARM.Collect$$$$00002712) for __lit__00000000
    entry2.o(.ARM.Collect$$$$00002712) refers to startup_stm32f10x_hd.o(STACK) for __initial_sp
    entry2.o(__vectab_stack_and_reset_area) refers to startup_stm32f10x_hd.o(STACK) for __initial_sp
    entry2.o(__vectab_stack_and_reset_area) refers to entry.o(.ARM.Collect$$$$00000000) for __main
    entry5.o(.ARM.Collect$$$$00000004) refers to init.o(.text) for __scatterload
    entry9a.o(.ARM.Collect$$$$0000000B) refers to main.o(.text) for main
    entry9b.o(.ARM.Collect$$$$0000000C) refers to main.o(.text) for main
    fputc.o(i.fputc) refers (Special) to iusesemip.o(.text) for __I$use$semihosting$fputc
    fputc.o(i.fputc) refers (Special) to semi.o(.text) for __semihosting_library_function
    uldiv.o(.text) refers to llushr.o(.text) for __aeabi_llsr
    uldiv.o(.text) refers to llshl.o(.text) for __aeabi_llsl
    dadd.o(.text) refers to llshl.o(.text) for __aeabi_llsl
    dadd.o(.text) refers to llsshr.o(.text) for __aeabi_lasr
    dadd.o(.text) refers to depilogue.o(.text) for _double_epilogue
    dmul.o(.text) refers to depilogue.o(.text) for _double_epilogue
    ddiv.o(.text) refers to depilogue.o(.text) for _double_round
    dfixul.o(.text) refers to llushr.o(.text) for __aeabi_llsr
    dfixul.o(.text) refers to llshl.o(.text) for __aeabi_llsl
    init.o(.text) refers to entry5.o(.ARM.Collect$$$$00000004) for __main_after_scatterload
    depilogue.o(.text) refers to llshl.o(.text) for __aeabi_llsl
    depilogue.o(.text) refers to llushr.o(.text) for __aeabi_llsr


==============================================================================

Removing Unused input sections from the image.

    Removing sys.o(.emb_text), (6 bytes).
    Removing core_cm3.o(.emb_text), (32 bytes).
    Removing stm32f10x_fsmc.o(.text), (1548 bytes).
    Removing stm32f10x_spi.o(.text), (780 bytes).
    Removing stm32f10x_tim.o(.text), (3610 bytes).
    Removing stm32f10x_exti.o(.text), (284 bytes).
    Removing exfuns.o(.bss), (68 bytes).
    Removing fattester.o(.text), (1720 bytes).
    Removing dadd.o(.text), (334 bytes).
    Removing dmul.o(.text), (228 bytes).
    Removing ddiv.o(.text), (222 bytes).
    Removing dfixul.o(.text), (48 bytes).
    Removing cdrcmple.o(.text), (48 bytes).
    Removing depilogue.o(.text), (186 bytes).

14 unused section(s) (total 9114 bytes) removed from the image.

==============================================================================

Adding Veneers to the image

    Adding TT veneer (10 bytes, Long) for call to 'f_mount' from main.o(.text).
    Adding TT veneer (10 bytes, Long) for call to 'f_getfree' from exfuns.o(.text).
    Adding TT veneer (10 bytes, Long) for call to 'SD_Init' from diskio.o(.text).
    Adding TT veneer (10 bytes, Long) for call to 'SD_ReadDisk' from diskio.o(.text).
    Adding TT veneer (10 bytes, Long) for call to 'SD_WriteDisk' from diskio.o(.text).
    Adding TT veneer (10 bytes, Long) for call to '__aeabi_ldivmod' from diskio.o(.text).
    Adding TT veneer (10 bytes, Long) for call to 'malloc' from diskio.o(.text).
    Adding TT veneer (10 bytes, Long) for call to 'free' from diskio.o(.text).
    Adding TT veneer (10 bytes, Long) for call to 'ff_wtoupper' from ff.o(.text).
    Adding TT veneer (10 bytes, Long) for call to 'ff_convert' from ff.o(.text).

10 Veneer(s) (total 100 bytes) added to the image.

==============================================================================

Image Symbol Table

    Local Symbols

    Symbol Name                              Value     Ov Type        Size  Object(Section)

    ../clib/microlib/division.c              0x00000000   Number         0  uidiv.o ABSOLUTE
    ../clib/microlib/division.c              0x00000000   Number         0  ldiv.o ABSOLUTE
    ../clib/microlib/division.c              0x00000000   Number         0  uldiv.o ABSOLUTE
    ../clib/microlib/init/entry.s            0x00000000   Number         0  entry2.o ABSOLUTE
    ../clib/microlib/init/entry.s            0x00000000   Number         0  entry9a.o ABSOLUTE
    ../clib/microlib/init/entry.s            0x00000000   Number         0  entry11b.o ABSOLUTE
    ../clib/microlib/init/entry.s            0x00000000   Number         0  entry7a.o ABSOLUTE
    ../clib/microlib/init/entry.s            0x00000000   Number         0  entry10a.o ABSOLUTE
    ../clib/microlib/init/entry.s            0x00000000   Number         0  entry.o ABSOLUTE
    ../clib/microlib/init/entry.s            0x00000000   Number         0  entry7b.o ABSOLUTE
    ../clib/microlib/init/entry.s            0x00000000   Number         0  entry9b.o ABSOLUTE
    ../clib/microlib/init/entry.s            0x00000000   Number         0  entry11a.o ABSOLUTE
    ../clib/microlib/init/entry.s            0x00000000   Number         0  entry8b.o ABSOLUTE
    ../clib/microlib/init/entry.s            0x00000000   Number         0  entry8a.o ABSOLUTE
    ../clib/microlib/init/entry.s            0x00000000   Number         0  entry10b.o ABSOLUTE
    ../clib/microlib/init/entry.s            0x00000000   Number         0  entry5.o ABSOLUTE
    ../clib/microlib/longlong.c              0x00000000   Number         0  llsshr.o ABSOLUTE
    ../clib/microlib/longlong.c              0x00000000   Number         0  llushr.o ABSOLUTE
    ../clib/microlib/longlong.c              0x00000000   Number         0  llshl.o ABSOLUTE
    ../clib/microlib/malloc/malloc.c         0x00000000   Number         0  malloc.o ABSOLUTE
    ../clib/microlib/malloc/malloc.c         0x00000000   Number         0  mallocr.o ABSOLUTE
    ../clib/microlib/malloc/malloc.c         0x00000000   Number         0  malloca.o ABSOLUTE
    ../clib/microlib/malloc/malloc.c         0x00000000   Number         0  mallocra.o ABSOLUTE
    ../clib/microlib/malloc/mvars.c          0x00000000   Number         0  mvars.o ABSOLUTE
    ../clib/microlib/printf/printf.c         0x00000000   Number         0  printfb.o ABSOLUTE
    ../clib/microlib/printf/printf.c         0x00000000   Number         0  printf1.o ABSOLUTE
    ../clib/microlib/printf/printf.c         0x00000000   Number         0  printf3.o ABSOLUTE
    ../clib/microlib/printf/printf.c         0x00000000   Number         0  printf2.o ABSOLUTE
    ../clib/microlib/printf/printf.c         0x00000000   Number         0  printf4.o ABSOLUTE
    ../clib/microlib/printf/printf.c         0x00000000   Number         0  printf8.o ABSOLUTE
    ../clib/microlib/printf/printf.c         0x00000000   Number         0  printf0.o ABSOLUTE
    ../clib/microlib/printf/printf.c         0x00000000   Number         0  printf6.o ABSOLUTE
    ../clib/microlib/printf/printf.c         0x00000000   Number         0  printfa.o ABSOLUTE
    ../clib/microlib/printf/printf.c         0x00000000   Number         0  printf5.o ABSOLUTE
    ../clib/microlib/printf/printf.c         0x00000000   Number         0  printf7.o ABSOLUTE
    ../clib/microlib/printf/stubs.s          0x00000000   Number         0  stubs.o ABSOLUTE
    ../clib/microlib/stdio/fputc.c           0x00000000   Number         0  fputc.o ABSOLUTE
    ../clib/microlib/stdio/semi.s            0x00000000   Number         0  semi.o ABSOLUTE
    ../clib/microlib/stdio/streams.c         0x00000000   Number         0  stdout.o ABSOLUTE
    ../clib/microlib/string/memcpy.c         0x00000000   Number         0  memcpya.o ABSOLUTE
    ../clib/microlib/string/memcpy.c         0x00000000   Number         0  memcpyb.o ABSOLUTE
    ../clib/microlib/string/strcmp.c         0x00000000   Number         0  strcmp.o ABSOLUTE
    ../clib/microlib/string/strcpy.c         0x00000000   Number         0  strcpy.o ABSOLUTE
    ../clib/microlib/stubs.s                 0x00000000   Number         0  iusesemip.o ABSOLUTE
    ../clib/microlib/stubs.s                 0x00000000   Number         0  iusefp.o ABSOLUTE
    ../fplib/microlib/fpadd.c                0x00000000   Number         0  dadd.o ABSOLUTE
    ../fplib/microlib/fpdiv.c                0x00000000   Number         0  ddiv.o ABSOLUTE
    ../fplib/microlib/fpepilogue.c           0x00000000   Number         0  depilogue.o ABSOLUTE
    ../fplib/microlib/fpfix.c                0x00000000   Number         0  dfixul.o ABSOLUTE
    ../fplib/microlib/fpmul.c                0x00000000   Number         0  dmul.o ABSOLUTE
    ..\CORE\core_cm3.c                       0x00000000   Number         0  core_cm3.o ABSOLUTE
    ..\CORE\startup_stm32f10x_hd.s           0x00000000   Number         0  startup_stm32f10x_hd.o ABSOLUTE
    ..\FATFS\exfuns\exfuns.c                 0x00000000   Number         0  exfuns.o ABSOLUTE
    ..\FATFS\exfuns\fattester.c              0x00000000   Number         0  fattester.o ABSOLUTE
    ..\FATFS\src\diskio.c                    0x00000000   Number         0  diskio.o ABSOLUTE
    ..\FATFS\src\ff.c                        0x00000000   Number         0  ff.o ABSOLUTE
    ..\FATFS\src\option\cc936.c              0x00000000   Number         0  cc936.o ABSOLUTE
    ..\HARDWARE\LED\led.c                    0x00000000   Number         0  led.o ABSOLUTE
    ..\HARDWARE\RTC\rtc.c                    0x00000000   Number         0  rtc.o ABSOLUTE
    ..\HARDWARE\SDIO\sdio_sdcard.c           0x00000000   Number         0  sdio_sdcard.o ABSOLUTE
    ..\HARDWARE\SPI\spi.c                    0x00000000   Number         0  spi.o ABSOLUTE
    ..\HARDWARE\SYSTICK\SysTick.c            0x00000000   Number         0  systick.o ABSOLUTE
    ..\STM32F10x_FWLib\src\misc.c            0x00000000   Number         0  misc.o ABSOLUTE
    ..\STM32F10x_FWLib\src\stm32f10x_bkp.c   0x00000000   Number         0  stm32f10x_bkp.o ABSOLUTE
    ..\STM32F10x_FWLib\src\stm32f10x_dma.c   0x00000000   Number         0  stm32f10x_dma.o ABSOLUTE
    ..\STM32F10x_FWLib\src\stm32f10x_exti.c  0x00000000   Number         0  stm32f10x_exti.o ABSOLUTE
    ..\STM32F10x_FWLib\src\stm32f10x_fsmc.c  0x00000000   Number         0  stm32f10x_fsmc.o ABSOLUTE
    ..\STM32F10x_FWLib\src\stm32f10x_gpio.c  0x00000000   Number         0  stm32f10x_gpio.o ABSOLUTE
    ..\STM32F10x_FWLib\src\stm32f10x_pwr.c   0x00000000   Number         0  stm32f10x_pwr.o ABSOLUTE
    ..\STM32F10x_FWLib\src\stm32f10x_rcc.c   0x00000000   Number         0  stm32f10x_rcc.o ABSOLUTE
    ..\STM32F10x_FWLib\src\stm32f10x_rtc.c   0x00000000   Number         0  stm32f10x_rtc.o ABSOLUTE
    ..\STM32F10x_FWLib\src\stm32f10x_sdio.c  0x00000000   Number         0  stm32f10x_sdio.o ABSOLUTE
    ..\STM32F10x_FWLib\src\stm32f10x_spi.c   0x00000000   Number         0  stm32f10x_spi.o ABSOLUTE
    ..\STM32F10x_FWLib\src\stm32f10x_tim.c   0x00000000   Number         0  stm32f10x_tim.o ABSOLUTE
    ..\STM32F10x_FWLib\src\stm32f10x_usart.c 0x00000000   Number         0  stm32f10x_usart.o ABSOLUTE
    ..\SYSTEM\sys\sys.c                      0x00000000   Number         0  sys.o ABSOLUTE
    ..\SYSTEM\usart\usart.c                  0x00000000   Number         0  usart.o ABSOLUTE
    ..\\CORE\\core_cm3.c                     0x00000000   Number         0  core_cm3.o ABSOLUTE
    ..\\SYSTEM\\sys\\sys.c                   0x00000000   Number         0  sys.o ABSOLUTE
    cdrcmple.s                               0x00000000   Number         0  cdrcmple.o ABSOLUTE
    dc.s                                     0x00000000   Number         0  dc.o ABSOLUTE
    handlers.s                               0x00000000   Number         0  handlers.o ABSOLUTE
    init.s                                   0x00000000   Number         0  init.o ABSOLUTE
    main.c                                   0x00000000   Number         0  main.o ABSOLUTE
    stm32f10x_it.c                           0x00000000   Number         0  stm32f10x_it.o ABSOLUTE
    system_stm32f10x.c                       0x00000000   Number         0  system_stm32f10x.o ABSOLUTE
    RESET                                    0x08000000   Section      304  startup_stm32f10x_hd.o(RESET)
    .ARM.Collect$$$$00000000                 0x08000130   Section        0  entry.o(.ARM.Collect$$$$00000000)
    .ARM.Collect$$$$00000001                 0x08000130   Section        4  entry2.o(.ARM.Collect$$$$00000001)
    .ARM.Collect$$$$00000004                 0x08000134   Section        4  entry5.o(.ARM.Collect$$$$00000004)
    .ARM.Collect$$$$00000008                 0x08000138   Section        0  entry7b.o(.ARM.Collect$$$$00000008)
    .ARM.Collect$$$$0000000A                 0x08000138   Section        0  entry8b.o(.ARM.Collect$$$$0000000A)
    .ARM.Collect$$$$0000000B                 0x08000138   Section        8  entry9a.o(.ARM.Collect$$$$0000000B)
    .ARM.Collect$$$$0000000D                 0x08000140   Section        0  entry10a.o(.ARM.Collect$$$$0000000D)
    .ARM.Collect$$$$0000000F                 0x08000140   Section        0  entry11a.o(.ARM.Collect$$$$0000000F)
    .ARM.Collect$$$$00002712                 0x08000140   Section        4  entry2.o(.ARM.Collect$$$$00002712)
    __lit__00000000                          0x08000140   Data           4  entry2.o(.ARM.Collect$$$$00002712)
    .text                                    0x08000144   Section        0  stm32f10x_it.o(.text)
    .text                                    0x0800016c   Section        0  main.o(.text)
    .text                                    0x080001d8   Section        0  system_stm32f10x.o(.text)
    SetSysClockTo72                          0x080001d9   Thumb Code   214  system_stm32f10x.o(.text)
    SetSysClock                              0x080002af   Thumb Code     8  system_stm32f10x.o(.text)
    .text                                    0x080003b8   Section        0  led.o(.text)
    .text                                    0x08000404   Section        0  spi.o(.text)
    .text                                    0x080008a8   Section        0  sdio_sdcard.o(.text)
    .text                                    0x080024d8   Section        0  rtc.o(.text)
    RTC_NVIC_Config                          0x080024d9   Thumb Code    32  rtc.o(.text)
    .text                                    0x08002950   Section        0  systick.o(.text)
    .text                                    0x08002a08   Section        0  sys.o(.text)
    .text                                    0x08002a14   Section        0  usart.o(.text)
    .text                                    0x08002ab8   Section       36  startup_stm32f10x_hd.o(.text)
    .text                                    0x08002adc   Section        0  misc.o(.text)
    .text                                    0x08002bb8   Section        0  stm32f10x_gpio.o(.text)
    .text                                    0x08002f14   Section        0  stm32f10x_rcc.o(.text)
    .text                                    0x080032b8   Section        0  stm32f10x_usart.o(.text)
    .text                                    0x080036c0   Section        0  stm32f10x_dma.o(.text)
    .text                                    0x08003914   Section        0  stm32f10x_sdio.o(.text)
    .text                                    0x08003ae8   Section        0  stm32f10x_bkp.o(.text)
    .text                                    0x08003bac   Section        0  stm32f10x_pwr.o(.text)
    .text                                    0x08003c78   Section        0  stm32f10x_rtc.o(.text)
    .text                                    0x08003dc0   Section        0  exfuns.o(.text)
    .text                                    0x08003f60   Section        0  cc936.o(.text)
    .text                                    0x08004014   Section        0  ldiv.o(.text)
    .text                                    0x08004076   Section        0  memcpya.o(.text)
    .text                                    0x0800409a   Section        0  strcmp.o(.text)
    .text                                    0x080040b6   Section        0  strcpy.o(.text)
    .text                                    0x080040c8   Section        0  uldiv.o(.text)
    .text                                    0x0800412c   Section       36  init.o(.text)
    .text                                    0x08004150   Section        0  llshl.o(.text)
    .text                                    0x08004150   Section        0  semi.o(.text)
    .text                                    0x0800416e   Section        0  llushr.o(.text)
    .text                                    0x0800418e   Section        0  iusesemip.o(.text)
    i.__0printf$5                            0x080041a4   Section        0  printf5.o(i.__0printf$5)
    i.__scatterload_copy                     0x080041c4   Section       14  handlers.o(i.__scatterload_copy)
    i.__scatterload_null                     0x080041d2   Section        2  handlers.o(i.__scatterload_null)
    i.__scatterload_zeroinit                 0x080041d4   Section       14  handlers.o(i.__scatterload_zeroinit)
    i._printf_core                           0x080041e4   Section        0  printf5.o(i._printf_core)
    _printf_core                             0x080041e5   Thumb Code   658  printf5.o(i._printf_core)
    i.fputc                                  0x080044a4   Section        0  fputc.o(i.fputc)
    i.free                                   0x080044b8   Section        0  malloc.o(i.free)
    i.malloc                                 0x08004508   Section        0  malloc.o(i.malloc)
    .constdata                               0x08004574   Section       24  rtc.o(.constdata)
    .constdata                               0x0800458c   Section      312  exfuns.o(.constdata)
    .constdata                               0x080046c4   Section    175304  cc936.o(.constdata)
    uni2oem                                  0x080046c4   Data       87172  cc936.o(.constdata)
    oem2uni                                  0x08019b48   Data       87172  cc936.o(.constdata)
    tbl_lower                                0x0802efcc   Data         480  cc936.o(.constdata)
    tbl_upper                                0x0802f1ac   Data         480  cc936.o(.constdata)
    .conststring                             0x0802f38c   Section      100  exfuns.o(.conststring)
    .text                                    0x20000200   Section        0  diskio.o(.text)
    .text                                    0x20000358   Section        0  ff.o(.text)
    mem_cpy                                  0x20000359   Thumb Code    26  ff.o(.text)
    mem_set                                  0x20000373   Thumb Code    20  ff.o(.text)
    mem_cmp                                  0x20000387   Thumb Code    38  ff.o(.text)
    chk_chr                                  0x200003ad   Thumb Code    20  ff.o(.text)
    sync_window                              0x200003c1   Thumb Code    82  ff.o(.text)
    move_window                              0x20000413   Thumb Code    52  ff.o(.text)
    sync_fs                                  0x20000447   Thumb Code   200  ff.o(.text)
    remove_chain                             0x2000075d   Thumb Code   108  ff.o(.text)
    create_chain                             0x200007c9   Thumb Code   214  ff.o(.text)
    clmt_clust                               0x2000089f   Thumb Code    50  ff.o(.text)
    dir_next                                 0x2000096f   Thumb Code   270  ff.o(.text)
    dir_alloc                                0x20000a7d   Thumb Code    92  ff.o(.text)
    ld_clust                                 0x20000ad9   Thumb Code    32  ff.o(.text)
    st_clust                                 0x20000af9   Thumb Code    16  ff.o(.text)
    cmp_lfn                                  0x20000b09   Thumb Code   138  ff.o(.text)
    pick_lfn                                 0x20000b93   Thumb Code   112  ff.o(.text)
    fit_lfn                                  0x20000c03   Thumb Code   122  ff.o(.text)
    gen_numname                              0x20000c7d   Thumb Code   198  ff.o(.text)
    sum_sfn                                  0x20000d43   Thumb Code    32  ff.o(.text)
    dir_find                                 0x20000d63   Thumb Code   234  ff.o(.text)
    dir_read                                 0x20000e4d   Thumb Code   208  ff.o(.text)
    dir_register                             0x20000f1d   Thumb Code   298  ff.o(.text)
    dir_remove                               0x20001047   Thumb Code   106  ff.o(.text)
    get_fileinfo                             0x200010b1   Thumb Code   272  ff.o(.text)
    create_name                              0x200011c1   Thumb Code   604  ff.o(.text)
    follow_path                              0x2000141d   Thumb Code   144  ff.o(.text)
    get_ldnumber                             0x200014ad   Thumb Code    74  ff.o(.text)
    check_fs                                 0x200014f7   Thumb Code   140  ff.o(.text)
    find_volume                              0x20001583   Thumb Code   930  ff.o(.text)
    validate                                 0x20001925   Thumb Code    54  ff.o(.text)
    putc_bfd                                 0x200032cd   Thumb Code    68  ff.o(.text)
    .constdata                               0x2000368c   Section       58  ff.o(.constdata)
    LfnOfs                                   0x2000368c   Data          13  ff.o(.constdata)
    vst                                      0x2000369a   Data          22  ff.o(.constdata)
    cst                                      0x200036b0   Data          22  ff.o(.constdata)
    .data                                    0x200036c8   Section        4  main.o(.data)
    .data                                    0x200036cc   Section       20  system_stm32f10x.o(.data)
    .data                                    0x200036e0   Section       20  spi.o(.data)
    .data                                    0x200036f4   Section       16  sdio_sdcard.o(.data)
    CardType                                 0x200036f4   Data           1  sdio_sdcard.o(.data)
    RCA                                      0x200036f8   Data           4  sdio_sdcard.o(.data)
    DeviceMode                               0x200036fc   Data           1  sdio_sdcard.o(.data)
    StopCondition                            0x200036fd   Data           1  sdio_sdcard.o(.data)
    .data                                    0x20003704   Section        2  rtc.o(.data)
    daycnt                                   0x20003704   Data           2  rtc.o(.data)
    .data                                    0x20003706   Section       20  stm32f10x_rcc.o(.data)
    APBAHBPrescTable                         0x20003706   Data          16  stm32f10x_rcc.o(.data)
    ADCPrescTable                            0x20003716   Data           4  stm32f10x_rcc.o(.data)
    .data                                    0x2000371c   Section       10  ff.o(.data)
    FatFs                                    0x2000371c   Data           8  ff.o(.data)
    Fsid                                     0x20003724   Data           2  ff.o(.data)
    .data                                    0x20003728   Section       28  exfuns.o(.data)
    .data                                    0x20003744   Section        4  stdout.o(.data)
    .data                                    0x20003748   Section        4  mvars.o(.data)
    .data                                    0x2000374c   Section        4  mvars.o(.data)
    .bss                                     0x20003750   Section      704  sdio_sdcard.o(.bss)
    CSD_Tab                                  0x20003794   Data          16  sdio_sdcard.o(.bss)
    CID_Tab                                  0x200037a4   Data          16  sdio_sdcard.o(.bss)
    .bss                                     0x20003a10   Section       10  rtc.o(.bss)
    HEAP                                     0x20003a20   Section    24576  startup_stm32f10x_hd.o(HEAP)
    STACK                                    0x20009a20   Section     1024  startup_stm32f10x_hd.o(STACK)

    Global Symbols

    Symbol Name                              Value     Ov Type        Size  Object(Section)

    BuildAttributes$$THM_ISAv4$P$D$K$B$S$PE$A:L22UL41UL21$X:L11$S22US41US21$IEEE1$IW$USESV6$~STKCKD$USESV7$~SHL$OSPACE$ROPI$EBA8$MICROLIB$REQ8$PRES8$EABIv2 0x00000000   Number         0  anon$$obj.o ABSOLUTE
    __ARM_use_no_argv                        0x00000000   Number         0  main.o ABSOLUTE
    _printf_a                                0x00000000   Number         0  stubs.o ABSOLUTE
    _printf_c                                0x00000000   Number         0  stubs.o ABSOLUTE
    _printf_charcount                        0x00000000   Number         0  stubs.o ABSOLUTE
    _printf_d                                0x00000000   Number         0  stubs.o ABSOLUTE
    _printf_e                                0x00000000   Number         0  stubs.o ABSOLUTE
    _printf_f                                0x00000000   Number         0  stubs.o ABSOLUTE
    _printf_flags                            0x00000000   Number         0  stubs.o ABSOLUTE
    _printf_fp_dec                           0x00000000   Number         0  stubs.o ABSOLUTE
    _printf_fp_hex                           0x00000000   Number         0  stubs.o ABSOLUTE
    _printf_g                                0x00000000   Number         0  stubs.o ABSOLUTE
    _printf_i                                0x00000000   Number         0  stubs.o ABSOLUTE
    _printf_int_dec                          0x00000000   Number         0  stubs.o ABSOLUTE
    _printf_l                                0x00000000   Number         0  stubs.o ABSOLUTE
    _printf_lc                               0x00000000   Number         0  stubs.o ABSOLUTE
    _printf_ll                               0x00000000   Number         0  stubs.o ABSOLUTE
    _printf_lld                              0x00000000   Number         0  stubs.o ABSOLUTE
    _printf_lli                              0x00000000   Number         0  stubs.o ABSOLUTE
    _printf_llo                              0x00000000   Number         0  stubs.o ABSOLUTE
    _printf_llu                              0x00000000   Number         0  stubs.o ABSOLUTE
    _printf_llx                              0x00000000   Number         0  stubs.o ABSOLUTE
    _printf_longlong_dec                     0x00000000   Number         0  stubs.o ABSOLUTE
    _printf_longlong_hex                     0x00000000   Number         0  stubs.o ABSOLUTE
    _printf_longlong_oct                     0x00000000   Number         0  stubs.o ABSOLUTE
    _printf_ls                               0x00000000   Number         0  stubs.o ABSOLUTE
    _printf_mbtowc                           0x00000000   Number         0  stubs.o ABSOLUTE
    _printf_n                                0x00000000   Number         0  stubs.o ABSOLUTE
    _printf_o                                0x00000000   Number         0  stubs.o ABSOLUTE
    _printf_p                                0x00000000   Number         0  stubs.o ABSOLUTE
    _printf_percent                          0x00000000   Number         0  stubs.o ABSOLUTE
    _printf_pre_padding                      0x00000000   Number         0  stubs.o ABSOLUTE
    _printf_return_value                     0x00000000   Number         0  stubs.o ABSOLUTE
    _printf_s                                0x00000000   Number         0  stubs.o ABSOLUTE
    _printf_sizespec                         0x00000000   Number         0  stubs.o ABSOLUTE
    _printf_str                              0x00000000   Number         0  stubs.o ABSOLUTE
    _printf_truncate_signed                  0x00000000   Number         0  stubs.o ABSOLUTE
    _printf_truncate_unsigned                0x00000000   Number         0  stubs.o ABSOLUTE
    _printf_u                                0x00000000   Number         0  stubs.o ABSOLUTE
    _printf_wc                               0x00000000   Number         0  stubs.o ABSOLUTE
    _printf_wctomb                           0x00000000   Number         0  stubs.o ABSOLUTE
    _printf_widthprec                        0x00000000   Number         0  stubs.o ABSOLUTE
    _printf_x                                0x00000000   Number         0  stubs.o ABSOLUTE
    __cpp_initialize__aeabi_                  - Undefined Weak Reference
    __cxa_finalize                            - Undefined Weak Reference
    __decompress                              - Undefined Weak Reference
    _clock_init                               - Undefined Weak Reference
    _microlib_exit                            - Undefined Weak Reference
    __Vectors_Size                           0x00000130   Number         0  startup_stm32f10x_hd.o ABSOLUTE
    __Vectors                                0x08000000   Data           4  startup_stm32f10x_hd.o(RESET)
    __Vectors_End                            0x08000130   Data           0  startup_stm32f10x_hd.o(RESET)
    __main                                   0x08000131   Thumb Code     0  entry.o(.ARM.Collect$$$$00000000)
    _main_stk                                0x08000131   Thumb Code     0  entry2.o(.ARM.Collect$$$$00000001)
    _main_scatterload                        0x08000135   Thumb Code     0  entry5.o(.ARM.Collect$$$$00000004)
    __main_after_scatterload                 0x08000139   Thumb Code     0  entry5.o(.ARM.Collect$$$$00000004)
    _main_clock                              0x08000139   Thumb Code     0  entry7b.o(.ARM.Collect$$$$00000008)
    _main_cpp_init                           0x08000139   Thumb Code     0  entry8b.o(.ARM.Collect$$$$0000000A)
    _main_init                               0x08000139   Thumb Code     0  entry9a.o(.ARM.Collect$$$$0000000B)
    __rt_final_cpp                           0x08000141   Thumb Code     0  entry10a.o(.ARM.Collect$$$$0000000D)
    __rt_final_exit                          0x08000141   Thumb Code     0  entry11a.o(.ARM.Collect$$$$0000000F)
    NMI_Handler                              0x08000145   Thumb Code     2  stm32f10x_it.o(.text)
    HardFault_Handler                        0x08000147   Thumb Code     4  stm32f10x_it.o(.text)
    MemManage_Handler                        0x0800014b   Thumb Code     4  stm32f10x_it.o(.text)
    BusFault_Handler                         0x0800014f   Thumb Code     4  stm32f10x_it.o(.text)
    UsageFault_Handler                       0x08000153   Thumb Code     4  stm32f10x_it.o(.text)
    SVC_Handler                              0x08000157   Thumb Code     2  stm32f10x_it.o(.text)
    DebugMon_Handler                         0x08000159   Thumb Code     2  stm32f10x_it.o(.text)
    PendSV_Handler                           0x0800015b   Thumb Code     2  stm32f10x_it.o(.text)
    SysTick_Handler                          0x0800015d   Thumb Code    12  stm32f10x_it.o(.text)
    main                                     0x0800016d   Thumb Code    96  main.o(.text)
    SystemInit                               0x080002b7   Thumb Code    78  system_stm32f10x.o(.text)
    SystemCoreClockUpdate                    0x08000305   Thumb Code   142  system_stm32f10x.o(.text)
    LED_Init                                 0x080003b9   Thumb Code    70  led.o(.text)
    SPI_FLASH_SendByte                       0x08000405   Thumb Code    94  spi.o(.text)
    SPI_FLASH_BufferRead                     0x08000463   Thumb Code    76  spi.o(.text)
    FlashWriteAddressOffset                  0x080004af   Thumb Code    80  spi.o(.text)
    SPI_FLASH_WaitForWriteEnd                0x080004ff   Thumb Code    46  spi.o(.text)
    SPI_FLASH_WriteEnable                    0x0800052d   Thumb Code    26  spi.o(.text)
    SPI_FLASH_BulkErase                      0x08000547   Thumb Code    34  spi.o(.text)
    SPI_FLASH_GPIO_Init                      0x08000569   Thumb Code    94  spi.o(.text)
    FLASH_Init                               0x080005c7   Thumb Code    46  spi.o(.text)
    SPI_FLASH_SectorErase                    0x080005f5   Thumb Code    62  spi.o(.text)
    SPI_FLASH_PageWrite                      0x08000633   Thumb Code    92  spi.o(.text)
    SPI_FLASH_BufferWrite                    0x0800068f   Thumb Code   290  spi.o(.text)
    SPI_FLASH_ReadID                         0x080007b1   Thumb Code    84  spi.o(.text)
    SPI_FLASH_ReadDeviceID                   0x08000805   Thumb Code    56  spi.o(.text)
    SPI_FLASH_StartReadSequence              0x0800083d   Thumb Code    42  spi.o(.text)
    SPI_FLASH_ReadByte                       0x08000867   Thumb Code    10  spi.o(.text)
    SPI_Flash_PowerDown                      0x08000871   Thumb Code    26  spi.o(.text)
    SPI_Flash_WAKEUP                         0x0800088b   Thumb Code    26  spi.o(.text)
    SD_SetDeviceMode                         0x080008a9   Thumb Code    20  sdio_sdcard.o(.text)
    SDIO_Clock_Set                           0x080008bd   Thumb Code    16  sdio_sdcard.o(.text)
    CmdResp1Error                            0x080008cd   Thumb Code    90  sdio_sdcard.o(.text)
    FindSCR                                  0x08000927   Thumb Code   386  sdio_sdcard.o(.text)
    SDEnWideBus                              0x08000aa9   Thumb Code   158  sdio_sdcard.o(.text)
    SD_EnableWideBusOperation                0x08000b47   Thumb Code    94  sdio_sdcard.o(.text)
    SD_SelectDeselect                        0x08000ba5   Thumb Code    42  sdio_sdcard.o(.text)
    SD_GetCardInfo                           0x08000bcf   Thumb Code   802  sdio_sdcard.o(.text)
    CmdResp2Error                            0x08000ef1   Thumb Code    80  sdio_sdcard.o(.text)
    CmdResp6Error                            0x08000f41   Thumb Code   140  sdio_sdcard.o(.text)
    SD_InitializeCards                       0x08000fcd   Thumb Code   336  sdio_sdcard.o(.text)
    CmdResp3Error                            0x0800111d   Thumb Code    50  sdio_sdcard.o(.text)
    CmdResp7Error                            0x0800114f   Thumb Code    70  sdio_sdcard.o(.text)
    CmdError                                 0x08001195   Thumb Code    48  sdio_sdcard.o(.text)
    SD_PowerON                               0x080011c5   Thumb Code   450  sdio_sdcard.o(.text)
    SD_Init                                  0x08001387   Thumb Code   238  sdio_sdcard.o(.text)
    SD_PowerOFF                              0x08001475   Thumb Code    12  sdio_sdcard.o(.text)
    SD_DMA_Config                            0x08001481   Thumb Code   146  sdio_sdcard.o(.text)
    convert_from_bytes_to_power_of_two       0x08001513   Thumb Code    18  sdio_sdcard.o(.text)
    SD_ReadBlock                             0x08001525   Thumb Code   560  sdio_sdcard.o(.text)
    SD_ReadMultiBlocks                       0x08001755   Thumb Code   742  sdio_sdcard.o(.text)
    IsCardProgramming                        0x08001a3b   Thumb Code   142  sdio_sdcard.o(.text)
    SD_WriteBlock                            0x08001ac9   Thumb Code   888  sdio_sdcard.o(.text)
    SD_WriteMultiBlocks                      0x08001e41   Thumb Code   962  sdio_sdcard.o(.text)
    SD_ProcessIRQSrc                         0x08002203   Thumb Code   294  sdio_sdcard.o(.text)
    SDIO_IRQHandler                          0x08002329   Thumb Code     8  sdio_sdcard.o(.text)
    SD_SendStatus                            0x08002331   Thumb Code    72  sdio_sdcard.o(.text)
    SD_GetState                              0x08002379   Thumb Code    26  sdio_sdcard.o(.text)
    SD_ReadDisk                              0x08002393   Thumb Code   148  sdio_sdcard.o(.text)
    SD_WriteDisk                             0x08002427   Thumb Code   148  sdio_sdcard.o(.text)
    RTC_Get_Week                             0x080024f9   Thumb Code   116  rtc.o(.text)
    Is_Leap_Year                             0x0800256d   Thumb Code    58  rtc.o(.text)
    RTC_Get                                  0x080025a7   Thumb Code   240  rtc.o(.text)
    RTC_Set                                  0x08002697   Thumb Code   184  rtc.o(.text)
    RTC_Init                                 0x0800274f   Thumb Code   192  rtc.o(.text)
    RTC_IRQHandler                           0x0800280f   Thumb Code    76  rtc.o(.text)
    RTC_Alarm_Set                            0x0800285b   Thumb Code   184  rtc.o(.text)
    SysTick_Init                             0x08002951   Thumb Code    92  systick.o(.text)
    timer_check                              0x080029ad   Thumb Code    20  systick.o(.text)
    timer_init                               0x080029c1   Thumb Code    28  systick.o(.text)
    Delay_ms                                 0x080029dd   Thumb Code    26  systick.o(.text)
    WFI_SET                                  0x08002a09   Thumb Code     4  sys.o(.text)
    INTX_DISABLE                             0x08002a0d   Thumb Code     4  sys.o(.text)
    INTX_ENABLE                              0x08002a11   Thumb Code     4  sys.o(.text)
    uart1_init                               0x08002a15   Thumb Code   152  usart.o(.text)
    USART1_IRQHandler                        0x08002aad   Thumb Code     2  usart.o(.text)
    Reset_Handler                            0x08002ab9   Thumb Code     8  startup_stm32f10x_hd.o(.text)
    ADC1_2_IRQHandler                        0x08002ad3   Thumb Code     0  startup_stm32f10x_hd.o(.text)
    ADC3_IRQHandler                          0x08002ad3   Thumb Code     0  startup_stm32f10x_hd.o(.text)
    CAN1_RX1_IRQHandler                      0x08002ad3   Thumb Code     0  startup_stm32f10x_hd.o(.text)
    CAN1_SCE_IRQHandler                      0x08002ad3   Thumb Code     0  startup_stm32f10x_hd.o(.text)
    DMA1_Channel1_IRQHandler                 0x08002ad3   Thumb Code     0  startup_stm32f10x_hd.o(.text)
    DMA1_Channel2_IRQHandler                 0x08002ad3   Thumb Code     0  startup_stm32f10x_hd.o(.text)
    DMA1_Channel3_IRQHandler                 0x08002ad3   Thumb Code     0  startup_stm32f10x_hd.o(.text)
    DMA1_Channel4_IRQHandler                 0x08002ad3   Thumb Code     0  startup_stm32f10x_hd.o(.text)
    DMA1_Channel5_IRQHandler                 0x08002ad3   Thumb Code     0  startup_stm32f10x_hd.o(.text)
    DMA1_Channel6_IRQHandler                 0x08002ad3   Thumb Code     0  startup_stm32f10x_hd.o(.text)
    DMA1_Channel7_IRQHandler                 0x08002ad3   Thumb Code     0  startup_stm32f10x_hd.o(.text)
    DMA2_Channel1_IRQHandler                 0x08002ad3   Thumb Code     0  startup_stm32f10x_hd.o(.text)
    DMA2_Channel2_IRQHandler                 0x08002ad3   Thumb Code     0  startup_stm32f10x_hd.o(.text)
    DMA2_Channel3_IRQHandler                 0x08002ad3   Thumb Code     0  startup_stm32f10x_hd.o(.text)
    DMA2_Channel4_5_IRQHandler               0x08002ad3   Thumb Code     0  startup_stm32f10x_hd.o(.text)
    EXTI0_IRQHandler                         0x08002ad3   Thumb Code     0  startup_stm32f10x_hd.o(.text)
    EXTI15_10_IRQHandler                     0x08002ad3   Thumb Code     0  startup_stm32f10x_hd.o(.text)
    EXTI1_IRQHandler                         0x08002ad3   Thumb Code     0  startup_stm32f10x_hd.o(.text)
    EXTI2_IRQHandler                         0x08002ad3   Thumb Code     0  startup_stm32f10x_hd.o(.text)
    EXTI3_IRQHandler                         0x08002ad3   Thumb Code     0  startup_stm32f10x_hd.o(.text)
    EXTI4_IRQHandler                         0x08002ad3   Thumb Code     0  startup_stm32f10x_hd.o(.text)
    EXTI9_5_IRQHandler                       0x08002ad3   Thumb Code     0  startup_stm32f10x_hd.o(.text)
    FLASH_IRQHandler                         0x08002ad3   Thumb Code     0  startup_stm32f10x_hd.o(.text)
    FSMC_IRQHandler                          0x08002ad3   Thumb Code     0  startup_stm32f10x_hd.o(.text)
    I2C1_ER_IRQHandler                       0x08002ad3   Thumb Code     0  startup_stm32f10x_hd.o(.text)
    I2C1_EV_IRQHandler                       0x08002ad3   Thumb Code     0  startup_stm32f10x_hd.o(.text)
    I2C2_ER_IRQHandler                       0x08002ad3   Thumb Code     0  startup_stm32f10x_hd.o(.text)
    I2C2_EV_IRQHandler                       0x08002ad3   Thumb Code     0  startup_stm32f10x_hd.o(.text)
    PVD_IRQHandler                           0x08002ad3   Thumb Code     0  startup_stm32f10x_hd.o(.text)
    RCC_IRQHandler                           0x08002ad3   Thumb Code     0  startup_stm32f10x_hd.o(.text)
    RTCAlarm_IRQHandler                      0x08002ad3   Thumb Code     0  startup_stm32f10x_hd.o(.text)
    SPI1_IRQHandler                          0x08002ad3   Thumb Code     0  startup_stm32f10x_hd.o(.text)
    SPI2_IRQHandler                          0x08002ad3   Thumb Code     0  startup_stm32f10x_hd.o(.text)
    SPI3_IRQHandler                          0x08002ad3   Thumb Code     0  startup_stm32f10x_hd.o(.text)
    TAMPER_IRQHandler                        0x08002ad3   Thumb Code     0  startup_stm32f10x_hd.o(.text)
    TIM1_BRK_IRQHandler                      0x08002ad3   Thumb Code     0  startup_stm32f10x_hd.o(.text)
    TIM1_CC_IRQHandler                       0x08002ad3   Thumb Code     0  startup_stm32f10x_hd.o(.text)
    TIM1_TRG_COM_IRQHandler                  0x08002ad3   Thumb Code     0  startup_stm32f10x_hd.o(.text)
    TIM1_UP_IRQHandler                       0x08002ad3   Thumb Code     0  startup_stm32f10x_hd.o(.text)
    TIM2_IRQHandler                          0x08002ad3   Thumb Code     0  startup_stm32f10x_hd.o(.text)
    TIM3_IRQHandler                          0x08002ad3   Thumb Code     0  startup_stm32f10x_hd.o(.text)
    TIM4_IRQHandler                          0x08002ad3   Thumb Code     0  startup_stm32f10x_hd.o(.text)
    TIM5_IRQHandler                          0x08002ad3   Thumb Code     0  startup_stm32f10x_hd.o(.text)
    TIM6_IRQHandler                          0x08002ad3   Thumb Code     0  startup_stm32f10x_hd.o(.text)
    TIM7_IRQHandler                          0x08002ad3   Thumb Code     0  startup_stm32f10x_hd.o(.text)
    TIM8_BRK_IRQHandler                      0x08002ad3   Thumb Code     0  startup_stm32f10x_hd.o(.text)
    TIM8_CC_IRQHandler                       0x08002ad3   Thumb Code     0  startup_stm32f10x_hd.o(.text)
    TIM8_TRG_COM_IRQHandler                  0x08002ad3   Thumb Code     0  startup_stm32f10x_hd.o(.text)
    TIM8_UP_IRQHandler                       0x08002ad3   Thumb Code     0  startup_stm32f10x_hd.o(.text)
    UART4_IRQHandler                         0x08002ad3   Thumb Code     0  startup_stm32f10x_hd.o(.text)
    UART5_IRQHandler                         0x08002ad3   Thumb Code     0  startup_stm32f10x_hd.o(.text)
    USART2_IRQHandler                        0x08002ad3   Thumb Code     0  startup_stm32f10x_hd.o(.text)
    USART3_IRQHandler                        0x08002ad3   Thumb Code     0  startup_stm32f10x_hd.o(.text)
    USBWakeUp_IRQHandler                     0x08002ad3   Thumb Code     0  startup_stm32f10x_hd.o(.text)
    USB_HP_CAN1_TX_IRQHandler                0x08002ad3   Thumb Code     0  startup_stm32f10x_hd.o(.text)
    USB_LP_CAN1_RX0_IRQHandler               0x08002ad3   Thumb Code     0  startup_stm32f10x_hd.o(.text)
    WWDG_IRQHandler                          0x08002ad3   Thumb Code     0  startup_stm32f10x_hd.o(.text)
    NVIC_PriorityGroupConfig                 0x08002add   Thumb Code    10  misc.o(.text)
    NVIC_Init                                0x08002ae7   Thumb Code   100  misc.o(.text)
    NVIC_SetVectorTable                      0x08002b4b   Thumb Code    14  misc.o(.text)
    NVIC_SystemLPConfig                      0x08002b59   Thumb Code    34  misc.o(.text)
    SysTick_CLKSourceConfig                  0x08002b7b   Thumb Code    40  misc.o(.text)
    GPIO_DeInit                              0x08002bb9   Thumb Code   172  stm32f10x_gpio.o(.text)
    GPIO_AFIODeInit                          0x08002c65   Thumb Code    20  stm32f10x_gpio.o(.text)
    GPIO_Init                                0x08002c79   Thumb Code   278  stm32f10x_gpio.o(.text)
    GPIO_StructInit                          0x08002d8f   Thumb Code    16  stm32f10x_gpio.o(.text)
    GPIO_ReadInputDataBit                    0x08002d9f   Thumb Code    18  stm32f10x_gpio.o(.text)
    GPIO_ReadInputData                       0x08002db1   Thumb Code     8  stm32f10x_gpio.o(.text)
    GPIO_ReadOutputDataBit                   0x08002db9   Thumb Code    18  stm32f10x_gpio.o(.text)
    GPIO_ReadOutputData                      0x08002dcb   Thumb Code     8  stm32f10x_gpio.o(.text)
    GPIO_SetBits                             0x08002dd3   Thumb Code     4  stm32f10x_gpio.o(.text)
    GPIO_ResetBits                           0x08002dd7   Thumb Code     4  stm32f10x_gpio.o(.text)
    GPIO_WriteBit                            0x08002ddb   Thumb Code    10  stm32f10x_gpio.o(.text)
    GPIO_Write                               0x08002de5   Thumb Code     4  stm32f10x_gpio.o(.text)
    GPIO_PinLockConfig                       0x08002de9   Thumb Code    18  stm32f10x_gpio.o(.text)
    GPIO_EventOutputConfig                   0x08002dfb   Thumb Code    26  stm32f10x_gpio.o(.text)
    GPIO_EventOutputCmd                      0x08002e15   Thumb Code     6  stm32f10x_gpio.o(.text)
    GPIO_PinRemapConfig                      0x08002e1b   Thumb Code   138  stm32f10x_gpio.o(.text)
    GPIO_EXTILineConfig                      0x08002ea5   Thumb Code    66  stm32f10x_gpio.o(.text)
    GPIO_ETH_MediaInterfaceConfig            0x08002ee7   Thumb Code     8  stm32f10x_gpio.o(.text)
    RCC_DeInit                               0x08002f15   Thumb Code    64  stm32f10x_rcc.o(.text)
    RCC_HSEConfig                            0x08002f55   Thumb Code    70  stm32f10x_rcc.o(.text)
    RCC_GetFlagStatus                        0x08002f9b   Thumb Code    56  stm32f10x_rcc.o(.text)
    RCC_WaitForHSEStartUp                    0x08002fd3   Thumb Code    56  stm32f10x_rcc.o(.text)
    RCC_AdjustHSICalibrationValue            0x0800300b   Thumb Code    20  stm32f10x_rcc.o(.text)
    RCC_HSICmd                               0x0800301f   Thumb Code     6  stm32f10x_rcc.o(.text)
    RCC_PLLConfig                            0x08003025   Thumb Code    24  stm32f10x_rcc.o(.text)
    RCC_PLLCmd                               0x0800303d   Thumb Code     6  stm32f10x_rcc.o(.text)
    RCC_SYSCLKConfig                         0x08003043   Thumb Code    18  stm32f10x_rcc.o(.text)
    RCC_GetSYSCLKSource                      0x08003055   Thumb Code    10  stm32f10x_rcc.o(.text)
    RCC_HCLKConfig                           0x0800305f   Thumb Code    18  stm32f10x_rcc.o(.text)
    RCC_PCLK1Config                          0x08003071   Thumb Code    18  stm32f10x_rcc.o(.text)
    RCC_PCLK2Config                          0x08003083   Thumb Code    20  stm32f10x_rcc.o(.text)
    RCC_ITConfig                             0x08003097   Thumb Code    26  stm32f10x_rcc.o(.text)
    RCC_USBCLKConfig                         0x080030b1   Thumb Code     8  stm32f10x_rcc.o(.text)
    RCC_ADCCLKConfig                         0x080030b9   Thumb Code    18  stm32f10x_rcc.o(.text)
    RCC_LSEConfig                            0x080030cb   Thumb Code    50  stm32f10x_rcc.o(.text)
    RCC_LSICmd                               0x080030fd   Thumb Code     6  stm32f10x_rcc.o(.text)
    RCC_RTCCLKConfig                         0x08003103   Thumb Code    12  stm32f10x_rcc.o(.text)
    RCC_RTCCLKCmd                            0x0800310f   Thumb Code     8  stm32f10x_rcc.o(.text)
    RCC_GetClocksFreq                        0x08003117   Thumb Code   192  stm32f10x_rcc.o(.text)
    RCC_AHBPeriphClockCmd                    0x080031d7   Thumb Code    26  stm32f10x_rcc.o(.text)
    RCC_APB2PeriphClockCmd                   0x080031f1   Thumb Code    26  stm32f10x_rcc.o(.text)
    RCC_APB1PeriphClockCmd                   0x0800320b   Thumb Code    26  stm32f10x_rcc.o(.text)
    RCC_APB2PeriphResetCmd                   0x08003225   Thumb Code    26  stm32f10x_rcc.o(.text)
    RCC_APB1PeriphResetCmd                   0x0800323f   Thumb Code    26  stm32f10x_rcc.o(.text)
    RCC_BackupResetCmd                       0x08003259   Thumb Code     8  stm32f10x_rcc.o(.text)
    RCC_ClockSecuritySystemCmd               0x08003261   Thumb Code     6  stm32f10x_rcc.o(.text)
    RCC_MCOConfig                            0x08003267   Thumb Code     6  stm32f10x_rcc.o(.text)
    RCC_ClearFlag                            0x0800326d   Thumb Code    14  stm32f10x_rcc.o(.text)
    RCC_GetITStatus                          0x0800327b   Thumb Code    20  stm32f10x_rcc.o(.text)
    RCC_ClearITPendingBit                    0x0800328f   Thumb Code     6  stm32f10x_rcc.o(.text)
    USART_DeInit                             0x080032b9   Thumb Code   134  stm32f10x_usart.o(.text)
    USART_Init                               0x0800333f   Thumb Code   210  stm32f10x_usart.o(.text)
    USART_StructInit                         0x08003411   Thumb Code    24  stm32f10x_usart.o(.text)
    USART_ClockInit                          0x08003429   Thumb Code    34  stm32f10x_usart.o(.text)
    USART_ClockStructInit                    0x0800344b   Thumb Code    12  stm32f10x_usart.o(.text)
    USART_Cmd                                0x08003457   Thumb Code    24  stm32f10x_usart.o(.text)
    USART_ITConfig                           0x0800346f   Thumb Code    74  stm32f10x_usart.o(.text)
    USART_DMACmd                             0x080034b9   Thumb Code    18  stm32f10x_usart.o(.text)
    USART_SetAddress                         0x080034cb   Thumb Code    18  stm32f10x_usart.o(.text)
    USART_WakeUpConfig                       0x080034dd   Thumb Code    18  stm32f10x_usart.o(.text)
    USART_ReceiverWakeUpCmd                  0x080034ef   Thumb Code    24  stm32f10x_usart.o(.text)
    USART_LINBreakDetectLengthConfig         0x08003507   Thumb Code    18  stm32f10x_usart.o(.text)
    USART_LINCmd                             0x08003519   Thumb Code    24  stm32f10x_usart.o(.text)
    USART_SendData                           0x08003531   Thumb Code     8  stm32f10x_usart.o(.text)
    USART_ReceiveData                        0x08003539   Thumb Code    10  stm32f10x_usart.o(.text)
    USART_SendBreak                          0x08003543   Thumb Code    10  stm32f10x_usart.o(.text)
    USART_SetGuardTime                       0x0800354d   Thumb Code    16  stm32f10x_usart.o(.text)
    USART_SetPrescaler                       0x0800355d   Thumb Code    16  stm32f10x_usart.o(.text)
    USART_SmartCardCmd                       0x0800356d   Thumb Code    24  stm32f10x_usart.o(.text)
    USART_SmartCardNACKCmd                   0x08003585   Thumb Code    24  stm32f10x_usart.o(.text)
    USART_HalfDuplexCmd                      0x0800359d   Thumb Code    24  stm32f10x_usart.o(.text)
    USART_OverSampling8Cmd                   0x080035b5   Thumb Code    22  stm32f10x_usart.o(.text)
    USART_OneBitMethodCmd                    0x080035cb   Thumb Code    24  stm32f10x_usart.o(.text)
    USART_IrDAConfig                         0x080035e3   Thumb Code    18  stm32f10x_usart.o(.text)
    USART_IrDACmd                            0x080035f5   Thumb Code    24  stm32f10x_usart.o(.text)
    USART_GetFlagStatus                      0x0800360d   Thumb Code    26  stm32f10x_usart.o(.text)
    USART_ClearFlag                          0x08003627   Thumb Code    18  stm32f10x_usart.o(.text)
    USART_GetITStatus                        0x08003639   Thumb Code    84  stm32f10x_usart.o(.text)
    USART_ClearITPendingBit                  0x0800368d   Thumb Code    52  stm32f10x_usart.o(.text)
    DMA_DeInit                               0x080036c1   Thumb Code   324  stm32f10x_dma.o(.text)
    DMA_Init                                 0x08003805   Thumb Code    60  stm32f10x_dma.o(.text)
    DMA_StructInit                           0x08003841   Thumb Code    26  stm32f10x_dma.o(.text)
    DMA_Cmd                                  0x0800385b   Thumb Code    24  stm32f10x_dma.o(.text)
    DMA_ITConfig                             0x08003873   Thumb Code    18  stm32f10x_dma.o(.text)
    DMA_SetCurrDataCounter                   0x08003885   Thumb Code     4  stm32f10x_dma.o(.text)
    DMA_GetCurrDataCounter                   0x08003889   Thumb Code     8  stm32f10x_dma.o(.text)
    DMA_GetFlagStatus                        0x08003891   Thumb Code    40  stm32f10x_dma.o(.text)
    DMA_ClearFlag                            0x080038b9   Thumb Code    22  stm32f10x_dma.o(.text)
    DMA_GetITStatus                          0x080038cf   Thumb Code    40  stm32f10x_dma.o(.text)
    DMA_ClearITPendingBit                    0x080038f7   Thumb Code    22  stm32f10x_dma.o(.text)
    SDIO_DeInit                              0x08003915   Thumb Code    28  stm32f10x_sdio.o(.text)
    SDIO_Init                                0x08003931   Thumb Code    42  stm32f10x_sdio.o(.text)
    SDIO_StructInit                          0x0800395b   Thumb Code    16  stm32f10x_sdio.o(.text)
    SDIO_ClockCmd                            0x0800396b   Thumb Code     6  stm32f10x_sdio.o(.text)
    SDIO_SetPowerState                       0x08003971   Thumb Code    22  stm32f10x_sdio.o(.text)
    SDIO_GetPowerState                       0x08003987   Thumb Code    10  stm32f10x_sdio.o(.text)
    SDIO_ITConfig                            0x08003991   Thumb Code    26  stm32f10x_sdio.o(.text)
    SDIO_DMACmd                              0x080039ab   Thumb Code     6  stm32f10x_sdio.o(.text)
    SDIO_SendCommand                         0x080039b1   Thumb Code    38  stm32f10x_sdio.o(.text)
    SDIO_CmdStructInit                       0x080039d7   Thumb Code    14  stm32f10x_sdio.o(.text)
    SDIO_GetCommandResponse                  0x080039e5   Thumb Code     8  stm32f10x_sdio.o(.text)
    SDIO_GetResponse                         0x080039ed   Thumb Code    22  stm32f10x_sdio.o(.text)
    SDIO_DataConfig                          0x08003a03   Thumb Code    42  stm32f10x_sdio.o(.text)
    SDIO_DataStructInit                      0x08003a2d   Thumb Code    20  stm32f10x_sdio.o(.text)
    SDIO_GetDataCounter                      0x08003a41   Thumb Code     6  stm32f10x_sdio.o(.text)
    SDIO_ReadData                            0x08003a47   Thumb Code     8  stm32f10x_sdio.o(.text)
    SDIO_WriteData                           0x08003a4f   Thumb Code     8  stm32f10x_sdio.o(.text)
    SDIO_GetFIFOCount                        0x08003a57   Thumb Code     6  stm32f10x_sdio.o(.text)
    SDIO_StartSDIOReadWait                   0x08003a5d   Thumb Code     8  stm32f10x_sdio.o(.text)
    SDIO_StopSDIOReadWait                    0x08003a65   Thumb Code     8  stm32f10x_sdio.o(.text)
    SDIO_SetSDIOReadWaitMode                 0x08003a6d   Thumb Code     8  stm32f10x_sdio.o(.text)
    SDIO_SetSDIOOperation                    0x08003a75   Thumb Code     8  stm32f10x_sdio.o(.text)
    SDIO_SendSDIOSuspendCmd                  0x08003a7d   Thumb Code     6  stm32f10x_sdio.o(.text)
    SDIO_CommandCompletionCmd                0x08003a83   Thumb Code     8  stm32f10x_sdio.o(.text)
    SDIO_CEATAITCmd                          0x08003a8b   Thumb Code    12  stm32f10x_sdio.o(.text)
    SDIO_SendCEATACmd                        0x08003a97   Thumb Code     8  stm32f10x_sdio.o(.text)
    SDIO_GetFlagStatus                       0x08003a9f   Thumb Code    20  stm32f10x_sdio.o(.text)
    SDIO_ClearFlag                           0x08003ab3   Thumb Code     6  stm32f10x_sdio.o(.text)
    SDIO_GetITStatus                         0x08003ab9   Thumb Code    20  stm32f10x_sdio.o(.text)
    SDIO_ClearITPendingBit                   0x08003acd   Thumb Code     6  stm32f10x_sdio.o(.text)
    BKP_DeInit                               0x08003ae9   Thumb Code    16  stm32f10x_bkp.o(.text)
    BKP_TamperPinLevelConfig                 0x08003af9   Thumb Code     6  stm32f10x_bkp.o(.text)
    BKP_TamperPinCmd                         0x08003aff   Thumb Code     8  stm32f10x_bkp.o(.text)
    BKP_ITConfig                             0x08003b07   Thumb Code     8  stm32f10x_bkp.o(.text)
    BKP_RTCOutputConfig                      0x08003b0f   Thumb Code    22  stm32f10x_bkp.o(.text)
    BKP_SetRTCCalibrationValue               0x08003b25   Thumb Code    22  stm32f10x_bkp.o(.text)
    BKP_WriteBackupRegister                  0x08003b3b   Thumb Code    24  stm32f10x_bkp.o(.text)
    BKP_ReadBackupRegister                   0x08003b53   Thumb Code    26  stm32f10x_bkp.o(.text)
    BKP_GetFlagStatus                        0x08003b6d   Thumb Code    10  stm32f10x_bkp.o(.text)
    BKP_ClearFlag                            0x08003b77   Thumb Code    18  stm32f10x_bkp.o(.text)
    BKP_GetITStatus                          0x08003b89   Thumb Code    10  stm32f10x_bkp.o(.text)
    BKP_ClearITPendingBit                    0x08003b93   Thumb Code    18  stm32f10x_bkp.o(.text)
    PWR_DeInit                               0x08003bad   Thumb Code    22  stm32f10x_pwr.o(.text)
    PWR_BackupAccessCmd                      0x08003bc3   Thumb Code     6  stm32f10x_pwr.o(.text)
    PWR_PVDCmd                               0x08003bc9   Thumb Code     6  stm32f10x_pwr.o(.text)
    PWR_PVDLevelConfig                       0x08003bcf   Thumb Code    18  stm32f10x_pwr.o(.text)
    PWR_WakeUpPinCmd                         0x08003be1   Thumb Code     8  stm32f10x_pwr.o(.text)
    PWR_EnterSTOPMode                        0x08003be9   Thumb Code    54  stm32f10x_pwr.o(.text)
    PWR_EnterSTANDBYMode                     0x08003c1f   Thumb Code    42  stm32f10x_pwr.o(.text)
    PWR_GetFlagStatus                        0x08003c49   Thumb Code    20  stm32f10x_pwr.o(.text)
    PWR_ClearFlag                            0x08003c5d   Thumb Code    14  stm32f10x_pwr.o(.text)
    RTC_ITConfig                             0x08003c79   Thumb Code    26  stm32f10x_rtc.o(.text)
    RTC_EnterConfigMode                      0x08003c93   Thumb Code    18  stm32f10x_rtc.o(.text)
    RTC_ExitConfigMode                       0x08003ca5   Thumb Code    20  stm32f10x_rtc.o(.text)
    RTC_GetCounter                           0x08003cb9   Thumb Code    18  stm32f10x_rtc.o(.text)
    RTC_SetCounter                           0x08003ccb   Thumb Code    26  stm32f10x_rtc.o(.text)
    RTC_SetPrescaler                         0x08003ce5   Thumb Code    28  stm32f10x_rtc.o(.text)
    RTC_SetAlarm                             0x08003d01   Thumb Code    26  stm32f10x_rtc.o(.text)
    RTC_GetDivider                           0x08003d1b   Thumb Code    22  stm32f10x_rtc.o(.text)
    RTC_WaitForLastTask                      0x08003d31   Thumb Code    18  stm32f10x_rtc.o(.text)
    RTC_WaitForSynchro                       0x08003d43   Thumb Code    36  stm32f10x_rtc.o(.text)
    RTC_GetFlagStatus                        0x08003d67   Thumb Code    22  stm32f10x_rtc.o(.text)
    RTC_ClearFlag                            0x08003d7d   Thumb Code    16  stm32f10x_rtc.o(.text)
    RTC_GetITStatus                          0x08003d8d   Thumb Code    32  stm32f10x_rtc.o(.text)
    RTC_ClearITPendingBit                    0x08003dad   Thumb Code    16  stm32f10x_rtc.o(.text)
    exfuns_init                              0x08003dc1   Thumb Code   106  exfuns.o(.text)
    char_upper                               0x08003e2b   Thumb Code    26  exfuns.o(.text)
    f_typetell                               0x08003e45   Thumb Code   188  exfuns.o(.text)
    exf_getfree                              0x08003f01   Thumb Code    74  exfuns.o(.text)
    ff_convert                               0x08003f61   Thumb Code   116  cc936.o(.text)
    ff_wtoupper                              0x08003fd5   Thumb Code    46  cc936.o(.text)
    __aeabi_ldivmod                          0x08004015   Thumb Code    98  ldiv.o(.text)
    __aeabi_memcpy                           0x08004077   Thumb Code    36  memcpya.o(.text)
    __aeabi_memcpy4                          0x08004077   Thumb Code     0  memcpya.o(.text)
    __aeabi_memcpy8                          0x08004077   Thumb Code     0  memcpya.o(.text)
    strcmp                                   0x0800409b   Thumb Code    28  strcmp.o(.text)
    strcpy                                   0x080040b7   Thumb Code    18  strcpy.o(.text)
    __aeabi_uldivmod                         0x080040c9   Thumb Code    98  uldiv.o(.text)
    __scatterload                            0x0800412d   Thumb Code    28  init.o(.text)
    __scatterload_rt2                        0x0800412d   Thumb Code     0  init.o(.text)
    __aeabi_llsl                             0x08004151   Thumb Code    30  llshl.o(.text)
    __semihosting_library_function           0x08004151   Thumb Code     0  semi.o(.text)
    _ll_shift_l                              0x08004151   Thumb Code     0  llshl.o(.text)
    __aeabi_llsr                             0x0800416f   Thumb Code    32  llushr.o(.text)
    _ll_ushift_r                             0x0800416f   Thumb Code     0  llushr.o(.text)
    Long Thumb to Thumb Veneer to f_mount    0x0800418f   Thumb Code    10  anon$$obj.o(Veneer$$Code)
    __I$use$semihosting$fputc                0x0800418f   Thumb Code     0  iusesemip.o(.text)
    Long Thumb to Thumb Veneer to f_getfree  0x08004199   Thumb Code    10  anon$$obj.o(Veneer$$Code)
    __0printf$5                              0x080041a5   Thumb Code    22  printf5.o(i.__0printf$5)
    __1printf$5                              0x080041a5   Thumb Code     0  printf5.o(i.__0printf$5)
    __2printf                                0x080041a5   Thumb Code     0  printf5.o(i.__0printf$5)
    __scatterload_copy                       0x080041c5   Thumb Code    14  handlers.o(i.__scatterload_copy)
    __scatterload_null                       0x080041d3   Thumb Code     2  handlers.o(i.__scatterload_null)
    __scatterload_zeroinit                   0x080041d5   Thumb Code    14  handlers.o(i.__scatterload_zeroinit)
    fputc                                    0x080044a5   Thumb Code    18  fputc.o(i.fputc)
    free                                     0x080044b9   Thumb Code    76  malloc.o(i.free)
    malloc                                   0x08004509   Thumb Code    92  malloc.o(i.malloc)
    table_week                               0x08004574   Data          12  rtc.o(.constdata)
    mon_table                                0x08004580   Data          12  rtc.o(.constdata)
    FILE_TYPE_TBL                            0x0800458c   Data         312  exfuns.o(.constdata)
    Region$$Table$$Base                      0x0802f3f0   Number         0  anon$$obj.o(Region$$Table)
    Region$$Table$$Limit                     0x0802f420   Number         0  anon$$obj.o(Region$$Table)
    disk_status                              0x20000201   Thumb Code     6  diskio.o(.text)
    disk_initialize                          0x20000207   Thumb Code    32  diskio.o(.text)
    disk_read                                0x20000227   Thumb Code    86  diskio.o(.text)
    disk_write                               0x2000027d   Thumb Code    86  diskio.o(.text)
    disk_ioctl                               0x200002d3   Thumb Code   102  diskio.o(.text)
    get_fattime                              0x20000339   Thumb Code     4  diskio.o(.text)
    ff_memalloc                              0x2000033d   Thumb Code    12  diskio.o(.text)
    ff_memfree                               0x20000349   Thumb Code    12  diskio.o(.text)
    clust2sect                               0x2000050f   Thumb Code    26  ff.o(.text)
    get_fat                                  0x20000529   Thumb Code   242  ff.o(.text)
    put_fat                                  0x2000061b   Thumb Code   322  ff.o(.text)
    dir_sdi                                  0x200008d1   Thumb Code   158  ff.o(.text)
    f_mount                                  0x2000195b   Thumb Code    86  ff.o(.text)
    f_open                                   0x200019b1   Thumb Code   384  ff.o(.text)
    f_read                                   0x20001b31   Thumb Code   450  ff.o(.text)
    f_write                                  0x20001cf3   Thumb Code   490  ff.o(.text)
    f_sync                                   0x20001edd   Thumb Code   176  ff.o(.text)
    f_close                                  0x20001f8d   Thumb Code    32  ff.o(.text)
    f_lseek                                  0x20001fad   Thumb Code   684  ff.o(.text)
    f_opendir                                0x20002259   Thumb Code   136  ff.o(.text)
    f_closedir                               0x200022e1   Thumb Code    22  ff.o(.text)
    f_readdir                                0x200022f7   Thumb Code   114  ff.o(.text)
    f_stat                                   0x20002369   Thumb Code    84  ff.o(.text)
    f_getfree                                0x200023bd   Thumb Code   258  ff.o(.text)
    f_truncate                               0x200024bf   Thumb Code   184  ff.o(.text)
    f_unlink                                 0x20002577   Thumb Code   190  ff.o(.text)
    f_mkdir                                  0x20002635   Thumb Code   380  ff.o(.text)
    f_chmod                                  0x200027b1   Thumb Code   112  ff.o(.text)
    f_rename                                 0x20002821   Thumb Code   290  ff.o(.text)
    f_utime                                  0x20002943   Thumb Code   110  ff.o(.text)
    f_getlabel                               0x200029b1   Thumb Code   190  ff.o(.text)
    f_setlabel                               0x20002a6f   Thumb Code   482  ff.o(.text)
    f_mkfs                                   0x20002c51   Thumb Code  1578  ff.o(.text)
    f_gets                                   0x2000327b   Thumb Code    82  ff.o(.text)
    f_putc                                   0x20003311   Thumb Code    64  ff.o(.text)
    f_puts                                   0x20003351   Thumb Code    74  ff.o(.text)
    f_printf                                 0x2000339b   Thumb Code   674  ff.o(.text)
    Long Thumb to Thumb Veneer to SD_Init    0x2000363d   Thumb Code    10  anon$$obj.o(Veneer$$Code)
    Long Thumb to Thumb Veneer to SD_ReadDisk 0x20003647   Thumb Code    10  anon$$obj.o(Veneer$$Code)
    Long Thumb to Thumb Veneer to SD_WriteDisk 0x20003651   Thumb Code    10  anon$$obj.o(Veneer$$Code)
    Long Thumb to Thumb Veneer to __aeabi_ldivmod 0x2000365b   Thumb Code    10  anon$$obj.o(Veneer$$Code)
    Long Thumb to Thumb Veneer to malloc     0x20003665   Thumb Code    10  anon$$obj.o(Veneer$$Code)
    Long Thumb to Thumb Veneer to free       0x2000366f   Thumb Code    10  anon$$obj.o(Veneer$$Code)
    Long Thumb to Thumb Veneer to ff_wtoupper 0x20003679   Thumb Code    10  anon$$obj.o(Veneer$$Code)
    Long Thumb to Thumb Veneer to ff_convert 0x20003683   Thumb Code    10  anon$$obj.o(Veneer$$Code)
    g_tick_1ms                               0x200036c8   Data           4  main.o(.data)
    SystemCoreClock                          0x200036cc   Data           4  system_stm32f10x.o(.data)
    AHBPrescTable                            0x200036d0   Data          16  system_stm32f10x.o(.data)
    FlashWriteAddress                        0x200036e0   Data           4  spi.o(.data)
    FlashReadAddress                         0x200036e4   Data           4  spi.o(.data)
    FlashSaveTime                            0x200036e8   Data           4  spi.o(.data)
    Device_ID                                0x200036ec   Data           4  spi.o(.data)
    FlashID                                  0x200036f0   Data           4  spi.o(.data)
    TransferError                            0x200036fe   Data           1  sdio_sdcard.o(.data)
    TransferEnd                              0x200036ff   Data           1  sdio_sdcard.o(.data)
    tempbuff                                 0x20003700   Data           4  sdio_sdcard.o(.data)
    fs                                       0x20003728   Data           8  exfuns.o(.data)
    file                                     0x20003730   Data           4  exfuns.o(.data)
    ftemp                                    0x20003734   Data           4  exfuns.o(.data)
    br                                       0x20003738   Data           4  exfuns.o(.data)
    bw                                       0x2000373c   Data           4  exfuns.o(.data)
    fatbuf                                   0x20003740   Data           4  exfuns.o(.data)
    __stdout                                 0x20003744   Data           4  stdout.o(.data)
    __microlib_freelist                      0x20003748   Data           4  mvars.o(.data)
    __microlib_freelist_initialised          0x2000374c   Data           4  mvars.o(.data)
    SDIO_InitStructure                       0x20003750   Data          24  sdio_sdcard.o(.bss)
    SDIO_CmdInitStructure                    0x20003768   Data          20  sdio_sdcard.o(.bss)
    SDIO_DataInitStructure                   0x2000377c   Data          24  sdio_sdcard.o(.bss)
    SDCardInfo                               0x200037b8   Data          88  sdio_sdcard.o(.bss)
    SDIO_DATA_BUFFER                         0x20003810   Data         512  sdio_sdcard.o(.bss)
    calendar                                 0x20003a10   Data          10  rtc.o(.bss)
    __heap_base                              0x20003a20   Data           0  startup_stm32f10x_hd.o(HEAP)
    __heap_limit                             0x20009a20   Data           0  startup_stm32f10x_hd.o(HEAP)
    __initial_sp                             0x20009e20   Data           0  startup_stm32f10x_hd.o(STACK)



==============================================================================

Memory Map of the image

  Image Entry point : 0x08000131

  Load Region LR_IROM1 (Base: 0x08000000, Size: 0x00032970, Max: 0x00080000, ABSOLUTE)

    Execution Region ER_IROM1 (Base: 0x08000000, Size: 0x0002f420, Max: 0x00080000, ABSOLUTE)

    Base Addr    Size         Type   Attr      Idx    E Section Name        Object

    0x08000000   0x00000130   Data   RO          341    RESET               startup_stm32f10x_hd.o
    0x08000130   0x00000000   Code   RO          612  * .ARM.Collect$$$$00000000  mc_w.l(entry.o)
    0x08000130   0x00000004   Code   RO          914    .ARM.Collect$$$$00000001  mc_w.l(entry2.o)
    0x08000134   0x00000004   Code   RO          917    .ARM.Collect$$$$00000004  mc_w.l(entry5.o)
    0x08000138   0x00000000   Code   RO          919    .ARM.Collect$$$$00000008  mc_w.l(entry7b.o)
    0x08000138   0x00000000   Code   RO          921    .ARM.Collect$$$$0000000A  mc_w.l(entry8b.o)
    0x08000138   0x00000008   Code   RO          922    .ARM.Collect$$$$0000000B  mc_w.l(entry9a.o)
    0x08000140   0x00000000   Code   RO          924    .ARM.Collect$$$$0000000D  mc_w.l(entry10a.o)
    0x08000140   0x00000000   Code   RO          926    .ARM.Collect$$$$0000000F  mc_w.l(entry11a.o)
    0x08000140   0x00000004   Code   RO          915    .ARM.Collect$$$$00002712  mc_w.l(entry2.o)
    0x08000144   0x00000028   Code   RO            1    .text               stm32f10x_it.o
    0x0800016c   0x0000006c   Code   RO          105    .text               main.o
    0x080001d8   0x000001e0   Code   RO          192    .text               system_stm32f10x.o
    0x080003b8   0x0000004c   Code   RO          210    .text               led.o
    0x08000404   0x000004a4   Code   RO          222    .text               spi.o
    0x080008a8   0x00001c30   Code   RO          237    .text               sdio_sdcard.o
    0x080024d8   0x00000478   Code   RO          263    .text               rtc.o
    0x08002950   0x000000b8   Code   RO          283    .text               systick.o
    0x08002a08   0x0000000c   Code   RO          301    .text               sys.o
    0x08002a14   0x000000a4   Code   RO          317    .text               usart.o
    0x08002ab8   0x00000024   Code   RO          342    .text               startup_stm32f10x_hd.o
    0x08002adc   0x000000dc   Code   RO          346    .text               misc.o
    0x08002bb8   0x0000035c   Code   RO          370    .text               stm32f10x_gpio.o
    0x08002f14   0x000003a4   Code   RO          382    .text               stm32f10x_rcc.o
    0x080032b8   0x00000408   Code   RO          408    .text               stm32f10x_usart.o
    0x080036c0   0x00000254   Code   RO          432    .text               stm32f10x_dma.o
    0x08003914   0x000001d4   Code   RO          444    .text               stm32f10x_sdio.o
    0x08003ae8   0x000000c4   Code   RO          456    .text               stm32f10x_bkp.o
    0x08003bac   0x000000cc   Code   RO          480    .text               stm32f10x_pwr.o
    0x08003c78   0x00000148   Code   RO          492    .text               stm32f10x_rtc.o
    0x08003dc0   0x000001a0   Code   RO          546    .text               exfuns.o
    0x08003f60   0x000000b4   Code   RO          573    .text               cc936.o
    0x08004014   0x00000062   Code   RO          615    .text               mc_w.l(ldiv.o)
    0x08004076   0x00000024   Code   RO          617    .text               mc_w.l(memcpya.o)
    0x0800409a   0x0000001c   Code   RO          619    .text               mc_w.l(strcmp.o)
    0x080040b6   0x00000012   Code   RO          621    .text               mc_w.l(strcpy.o)
    0x080040c8   0x00000062   Code   RO          933    .text               mc_w.l(uldiv.o)
    0x0800412a   0x00000002   PAD
    0x0800412c   0x00000024   Code   RO          948    .text               mc_w.l(init.o)
    0x08004150   0x00000000   Code   RO          950    .text               mc_w.l(semi.o)
    0x08004150   0x0000001e   Code   RO          951    .text               mc_w.l(llshl.o)
    0x0800416e   0x00000020   Code   RO          953    .text               mc_w.l(llushr.o)
    0x0800418e   0x00000000   Code   RO          957    .text               mc_w.l(iusesemip.o)
    0x0800418e   0x0000000a   Ven    RO          968    Veneer$$Code        anon$$obj.o
    0x08004198   0x0000000a   Ven    RO          969    Veneer$$Code        anon$$obj.o
    0x080041a2   0x00000002   PAD
    0x080041a4   0x00000020   Code   RO          758    i.__0printf$5       mc_w.l(printf5.o)
    0x080041c4   0x0000000e   Code   RO          962    i.__scatterload_copy  mc_w.l(handlers.o)
    0x080041d2   0x00000002   Code   RO          963    i.__scatterload_null  mc_w.l(handlers.o)
    0x080041d4   0x0000000e   Code   RO          964    i.__scatterload_zeroinit  mc_w.l(handlers.o)
    0x080041e2   0x00000002   PAD
    0x080041e4   0x000002c0   Code   RO          765    i._printf_core      mc_w.l(printf5.o)
    0x080044a4   0x00000012   Code   RO          928    i.fputc             mc_w.l(fputc.o)
    0x080044b6   0x00000002   PAD
    0x080044b8   0x00000050   Code   RO          886    i.free              mc_w.l(malloc.o)
    0x08004508   0x0000006c   Code   RO          887    i.malloc            mc_w.l(malloc.o)
    0x08004574   0x00000018   Data   RO          265    .constdata          rtc.o
    0x0800458c   0x00000138   Data   RO          548    .constdata          exfuns.o
    0x080046c4   0x0002acc8   Data   RO          574    .constdata          cc936.o
    0x0802f38c   0x00000064   Data   RO          549    .conststring        exfuns.o
    0x0802f3f0   0x00000030   Data   RO          960    Region$$Table       anon$$obj.o


    Execution Region RW_IRAM1 (Base: 0x20000200, Size: 0x00009c20, Max: 0x0000fe00, ABSOLUTE)

    Base Addr    Size         Type   Attr      Idx    E Section Name        Object

    0x20000200   0x00000158   Code   RO          504    .text               diskio.o
    0x20000358   0x000032e4   Code   RO          525    .text               ff.o
    0x2000363c   0x0000000a   Ven    RO          970    Veneer$$Code        anon$$obj.o
    0x20003646   0x0000000a   Ven    RO          971    Veneer$$Code        anon$$obj.o
    0x20003650   0x0000000a   Ven    RO          972    Veneer$$Code        anon$$obj.o
    0x2000365a   0x0000000a   Ven    RO          973    Veneer$$Code        anon$$obj.o
    0x20003664   0x0000000a   Ven    RO          974    Veneer$$Code        anon$$obj.o
    0x2000366e   0x0000000a   Ven    RO          975    Veneer$$Code        anon$$obj.o
    0x20003678   0x0000000a   Ven    RO          976    Veneer$$Code        anon$$obj.o
    0x20003682   0x0000000a   Ven    RO          977    Veneer$$Code        anon$$obj.o
    0x2000368c   0x0000003a   Data   RO          526    .constdata          ff.o
    0x200036c6   0x00000002   PAD
    0x200036c8   0x00000004   Data   RW          106    .data               main.o
    0x200036cc   0x00000014   Data   RW          193    .data               system_stm32f10x.o
    0x200036e0   0x00000014   Data   RW          223    .data               spi.o
    0x200036f4   0x00000010   Data   RW          239    .data               sdio_sdcard.o
    0x20003704   0x00000002   Data   RW          266    .data               rtc.o
    0x20003706   0x00000014   Data   RW          383    .data               stm32f10x_rcc.o
    0x2000371a   0x00000002   PAD
    0x2000371c   0x0000000a   Data   RW          527    .data               ff.o
    0x20003726   0x00000002   PAD
    0x20003728   0x0000001c   Data   RW          550    .data               exfuns.o
    0x20003744   0x00000004   Data   RW          930    .data               mc_w.l(stdout.o)
    0x20003748   0x00000004   Data   RW          935    .data               mc_w.l(mvars.o)
    0x2000374c   0x00000004   Data   RW          936    .data               mc_w.l(mvars.o)
    0x20003750   0x000002c0   Zero   RW          238    .bss                sdio_sdcard.o
    0x20003a10   0x0000000a   Zero   RW          264    .bss                rtc.o
    0x20003a1a   0x00000006   PAD
    0x20003a20   0x00006000   Zero   RW          340    HEAP                startup_stm32f10x_hd.o
    0x20009a20   0x00000400   Zero   RW          339    STACK               startup_stm32f10x_hd.o


==============================================================================

Image component sizes


      Code (inc. data)   RO Data    RW Data    ZI Data      Debug   Object Name

       180         18     175304          0          0       2081   cc936.o
       344          4          0          0          0       3773   diskio.o
       416         22        412         28          0       2648   exfuns.o
     13028        144         58         10          0      38026   ff.o
        76          6          0          0          0        455   led.o
       108         12          0          4          0     205820   main.o
       220         22          0          0          0       1729   misc.o
      1144         62         24          2         10       4242   rtc.o
      7216        256          0         16        704      24568   sdio_sdcard.o
      1188         14          0         20          0       5190   spi.o
        36          8        304          0      25600        760   startup_stm32f10x_hd.o
       196          8          0          0          0       3428   stm32f10x_bkp.o
       596          8          0          0          0       4294   stm32f10x_dma.o
       860         38          0          0          0       5661   stm32f10x_gpio.o
        40          4          0          0          0      47774   stm32f10x_it.o
       204         14          0          0          0       1919   stm32f10x_pwr.o
       932         36          0         20          0       8804   stm32f10x_rcc.o
       328          4          0          0          0       2690   stm32f10x_rtc.o
       468         22          0          0          0       7048   stm32f10x_sdio.o
      1032         22          0          0          0       8388   stm32f10x_usart.o
        12          0          0          0          0        583   sys.o
       480         38          0         20          0       1635   system_stm32f10x.o
       184         18          0          0          0      16655   systick.o
       164         10          0          0          0        815   usart.o

    ----------------------------------------------------------------------
     29554        790     176152        124      26320     398986   Object Totals
       100          0         48          0          0          0   (incl. Generated)
         2          0          2          4          6          0   (incl. Padding)

    ----------------------------------------------------------------------

      Code (inc. data)   RO Data    RW Data    ZI Data      Debug   Library Member Name

         0          0          0          0          0          0   entry.o
         0          0          0          0          0          0   entry10a.o
         0          0          0          0          0          0   entry11a.o
         8          4          0          0          0          0   entry2.o
         4          0          0          0          0          0   entry5.o
         0          0          0          0          0          0   entry7b.o
         0          0          0          0          0          0   entry8b.o
         8          4          0          0          0          0   entry9a.o
        18          0          0          0          0         80   fputc.o
        30          0          0          0          0          0   handlers.o
        36          8          0          0          0         68   init.o
         0          0          0          0          0          0   iusesemip.o
        98          0          0          0          0         84   ldiv.o
        30          0          0          0          0         68   llshl.o
        32          0          0          0          0         68   llushr.o
       188         20          0          0          0        160   malloc.o
        36          0          0          0          0         68   memcpya.o
         0          0          0          8          0          0   mvars.o
       736         56          0          0          0        184   printf5.o
         0          0          0          0          0          0   semi.o
         0          0          0          4          0          0   stdout.o
        28          0          0          0          0         76   strcmp.o
        18          0          0          0          0         68   strcpy.o
        98          0          0          0          0         92   uldiv.o

    ----------------------------------------------------------------------
      1374         92          0         12          0       1016   Library Totals
         6          0          0          0          0          0   (incl. Padding)

    ----------------------------------------------------------------------

      Code (inc. data)   RO Data    RW Data    ZI Data      Debug   Library Name

      1368         92          0         12          0       1016   mc_w.l

    ----------------------------------------------------------------------
      1374         92          0         12          0       1016   Library Totals

    ----------------------------------------------------------------------

==============================================================================


      Code (inc. data)   RO Data    RW Data    ZI Data      Debug   

     30928        882     176152        136      26320     396982   Grand Totals
     30928        882     176152        136      26320     396982   ELF Image Totals
     30928        882     176152        136          0          0   ROM Totals

==============================================================================

    Total RO  Size (Code + RO Data)               207080 ( 202.23kB)
    Total RW  Size (RW Data + ZI Data)             26456 (  25.84kB)
    Total ROM Size (Code + RO Data + RW Data)     207216 ( 202.36kB)

==============================================================================

